------ 2026-07-27 09:44:39 ------
------ SDK: JetPack_7.2_Linux ------
09:44:39.900 - Info: [host] [ Disk Avail on Partition /dev/sda2: 66.36 GB ]09:44:39.900 - Info: NV_L4T_FILE_SYSTEM_AND_OS_IMAGE_COMP include 1 package09:44:39.900 - Info: change working directory to /home/ckw/nvidia/nvidia_sdk/JetPack_7.2_Linux_JETSON_ORIN_NANO_TARGETS/Linux_for_Tegra/rootfs/09:44:39.900 - Info: [ Package Install Started ]09:44:39.900 - Info: current working directory is /home/ckw/nvidia/nvidia_sdk/JetPack_7.2_Linux_JETSON_ORIN_NANO_TARGETS/Linux_for_Tegra/rootfs09:44:39.901 - Info: exec_command [host]:
**********************
sudo tar -I lbzip2 -xpf /home/ckw/Downloads/nvidia/sdkm_downloads/Tegra_Linux_Sample-Root-Filesystem_R39.2.0_aarch64.tbz2
cd ..
safe_apt_install "sudo apt-get update" 5
safe_apt_install "sudo DEBIAN_FRONTEND=noninteractive ./tools/l4t_flash_prerequisites.sh" 5
if ! [ -f /proc/sys/fs/binfmt_misc/qemu-aarch64 ]; then
  safe_apt_install "sudo apt-get purge -y qemu-user-static" 5
  safe_apt_install "sudo apt-get install -y qemu-user-static" 5
fi
sudo ./apply_binaries.sh
sudo mkdir -p rootfs/opt/nvidia/debs
sudo mkdir -p rootfs/opt/nvidia/deb_repos
**********************09:44:39.901 - Info: exec_command: /home/ckw/.nvsdkm/replays/scripts/JetPack_7.2_Linux/NV_L4T_FILE_SYSTEM_AND_OS_IMAGE_COMP.sh09:47:19.326 - Info: *begin sudo apt-get update, 5
09:47:19.627 - Info: Hit:1 https://developer.download.nvidia.com/compute/cuda/repos/ubuntu2404/x86_64  InRelease
09:47:19.948 - Info: Hit:2 http://hk.archive.ubuntu.com/ubuntu noble InRelease
09:47:20.168 - Info: Hit:3 http://hk.archive.ubuntu.com/ubuntu noble-updates InRelease
09:47:20.197 - Info: Hit:4 http://security.ubuntu.com/ubuntu noble-security InRelease
09:47:20.389 - Info: Hit:5 http://hk.archive.ubuntu.com/ubuntu noble-backports InRelease
09:47:22.028 - Info: Reading package lists...
09:47:22.058 - Info: *begin sudo DEBIAN_FRONTEND=noninteractive ./tools/l4t_flash_prerequisites.sh, 5
09:47:22.398 - Info: Hit:1 https://developer.download.nvidia.com/compute/cuda/repos/ubuntu2404/x86_64  InRelease
09:47:22.726 - Info: Hit:2 http://hk.archive.ubuntu.com/ubuntu noble InRelease
09:47:22.764 - Info: Hit:3 http://security.ubuntu.com/ubuntu noble-security InRelease
09:47:22.946 - Info: Hit:4 http://hk.archive.ubuntu.com/ubuntu noble-updates InRelease
09:47:23.170 - Info: Hit:5 http://hk.archive.ubuntu.com/ubuntu noble-backports InRelease
09:47:24.422 - Info: Reading package lists...
09:47:24.479 - Info: Reading package lists...
09:47:24.719 - Info: Building dependency tree...
09:47:24.722 - Info: Reading state information...
09:47:24.981 - Info: cpio is already the newest version (2.15+dfsg-1ubuntu2).
09:47:24.981 - Info: cpio set to manually installed.
09:47:24.981 - Info: cpp is already the newest version (4:13.2.0-7ubuntu1).
09:47:24.981 - Info: cpp set to manually installed.
09:47:24.981 - Info: dosfstools is already the newest version (4.2-1.1build1).
09:47:24.981 - Info: dosfstools set to manually installed.
09:47:24.981 - Info: e2fsprogs is already the newest version (1.47.0-2.4~exp1ubuntu4.1).
09:47:24.983 - Info: e2fsprogs set to manually installed.
09:47:24.986 - Info: file is already the newest version (1:5.45-3build1).
09:47:24.986 - Info: file set to manually installed.
09:47:24.986 - Info: gdisk is already the newest version (1.0.10-1build1).
09:47:24.986 - Info: gdisk set to manually installed.
09:47:24.986 - Info: iproute2 is already the newest version (6.1.0-1ubuntu6.4).
09:47:24.986 - Info: iproute2 set to manually installed.
09:47:24.986 - Info: iputils-ping is already the newest version (3:20240117-1ubuntu0.1).
09:47:24.986 - Info: iputils-ping set to manually installed.
09:47:24.986 - Info: lbzip2 is already the newest version (2.5-2.3).
09:47:24.986 - Info: netcat-openbsd is already the newest version (1.226-1ubuntu2).
09:47:24.986 - Info: netcat-openbsd set to manually installed.
09:47:24.986 - Info: openssl is already the newest version (3.0.13-0ubuntu3.11).
09:47:24.986 - Info: openssl set to manually installed.
09:47:24.986 - Info: parted is already the newest version (3.6-4build1).
09:47:24.986 - Info: parted set to manually installed.
09:47:24.986 - Info: python3-yaml is already the newest version (6.0.1-2build2).
09:47:24.986 - Info: python3-yaml set to manually installed.
09:47:24.986 - Info: rsync is already the newest version (3.2.7-1ubuntu1.5).
09:47:24.986 - Info: rsync set to manually installed.
09:47:24.986 - Info: udev is already the newest version (255.4-1ubuntu8.16).
09:47:24.986 - Info: udev set to manually installed.
09:47:24.986 - Info: usbutils is already the newest version (1:017-3build1).
09:47:24.986 - Info: usbutils set to manually installed.
09:47:24.986 - Info: uuid-runtime is already the newest version (2.39.3-9ubuntu6.5).
09:47:24.986 - Info: uuid-runtime set to manually installed.
09:47:24.986 - Info: xxd is already the newest version (2:9.1.0016-1ubuntu7.18).
09:47:24.986 - Info: xxd set to manually installed.
09:47:24.986 - Info: zstd is already the newest version (1.5.5+dfsg2-2build1.1).
09:47:24.986 - Info: zstd set to manually installed.
09:47:24.986 - Info: zlib1g is already the newest version (1:1.3.dfsg-3.1ubuntu2.1).
09:47:24.986 - Info: zlib1g set to manually installed.
09:47:24.986 - Info: The following package was automatically installed and is no longer required:
09:47:24.986 - Info:   libfwupd2
09:47:24.986 - Info: Use 'sudo apt autoremove' to remove it.
09:47:25.001 - Info: The following additional packages will be installed:
09:47:25.002 - Info:   binutils-common binutils-x86-64-linux-gnu keyutils libbinutils libctf-nobfd0
09:47:25.005 - Info:   libctf0 libevent-core-2.1-7t64 libfdt1 libgprofng0 libsframe1 nfs-common
09:47:25.005 - Info:   rpcbind
09:47:25.008 - Info: Suggested packages:
09:47:25.008 - Info:   binutils-doc gprofng-gui open-iscsi watchdog
09:47:25.050 - Info: The following NEW packages will be installed:
09:47:25.050 - Info:   abootimg binfmt-support binutils binutils-common binutils-x86-64-linux-gnu
09:47:25.050 - Info:   device-tree-compiler keyutils libbinutils libctf-nobfd0 libctf0
09:47:25.051 - Info:   libevent-core-2.1-7t64 libfdt1 libgprofng0 libsframe1 libxml2-utils lz4
09:47:25.051 - Info:   nfs-common nfs-kernel-server python-is-python3 python3-usb qemu-user-static
09:47:25.052 - Info:   rpcbind sshpass whois xmlstarlet
09:47:25.638 - Info: 0 upgraded, 25 newly installed, 0 to remove and 0 not upgraded.
09:47:25.639 - Info: Need to get 20.5 MB of archives.
09:47:25.639 - Info: After this operation, 160 MB of additional disk space will be used.
09:47:25.639 - Info: Get:1 http://hk.archive.ubuntu.com/ubuntu noble/universe amd64 binfmt-support amd64 2.2.2-7 [56.2 kB]
09:47:26.349 - Info: Get:2 http://hk.archive.ubuntu.com/ubuntu noble/main amd64 libevent-core-2.1-7t64 amd64 2.1.12-stable-9ubuntu2 [91.3 kB]
09:47:26.633 - Info: Get:3 http://hk.archive.ubuntu.com/ubuntu noble/main amd64 rpcbind amd64 1.2.6-7ubuntu2 [46.5 kB]
09:47:26.740 - Info: Get:4 http://hk.archive.ubuntu.com/ubuntu noble/main amd64 keyutils amd64 1.6.3-3build1 [56.8 kB]
09:47:26.839 - Info: Get:5 http://hk.archive.ubuntu.com/ubuntu noble-updates/main amd64 nfs-common amd64 1:2.6.4-3ubuntu5.1 [248 kB]
09:47:27.126 - Info: Get:6 http://hk.archive.ubuntu.com/ubuntu noble-updates/main amd64 binutils-common amd64 2.42-4ubuntu2.10 [240 kB]
09:47:27.314 - Info: Get:7 http://hk.archive.ubuntu.com/ubuntu noble-updates/main amd64 libsframe1 amd64 2.42-4ubuntu2.10 [15.7 kB]
09:47:27.321 - Info: Get:8 http://hk.archive.ubuntu.com/ubuntu noble-updates/main amd64 libbinutils amd64 2.42-4ubuntu2.10 [577 kB]
09:47:27.725 - Info: Get:9 http://hk.archive.ubuntu.com/ubuntu noble-updates/main amd64 libctf-nobfd0 amd64 2.42-4ubuntu2.10 [98.0 kB]
09:47:27.725 - Info: Get:10 http://hk.archive.ubuntu.com/ubuntu noble-updates/main amd64 libctf0 amd64 2.42-4ubuntu2.10 [94.5 kB]
09:47:27.796 - Info: Get:11 http://hk.archive.ubuntu.com/ubuntu noble-updates/main amd64 libgprofng0 amd64 2.42-4ubuntu2.10 [849 kB]
09:47:27.949 - Info: Get:12 http://hk.archive.ubuntu.com/ubuntu noble-updates/main amd64 binutils-x86-64-linux-gnu amd64 2.42-4ubuntu2.10 [2,463 kB]
09:47:28.417 - Info: Get:13 http://hk.archive.ubuntu.com/ubuntu noble-updates/main amd64 binutils amd64 2.42-4ubuntu2.10 [18.2 kB]
09:47:28.417 - Info: Get:14 http://hk.archive.ubuntu.com/ubuntu noble-updates/main amd64 libxml2-utils amd64 2.9.14+dfsg-1.3ubuntu3.8 [39.4 kB]
09:47:28.431 - Info: Get:15 http://hk.archive.ubuntu.com/ubuntu noble-updates/universe amd64 lz4 amd64 1.9.4-1build1.1 [93.8 kB]
09:47:28.442 - Info: Get:16 http://hk.archive.ubuntu.com/ubuntu noble-updates/main amd64 nfs-kernel-server amd64 1:2.6.4-3ubuntu5.1 [169 kB]
09:47:28.507 - Info: Get:17 http://hk.archive.ubuntu.com/ubuntu noble/main amd64 python-is-python3 all 3.11.4-1 [2,684 B]
09:47:28.507 - Info: Get:18 http://hk.archive.ubuntu.com/ubuntu noble/universe amd64 python3-usb all 1.2.1-2 [38.4 kB]
09:47:28.517 - Info: Get:19 http://hk.archive.ubuntu.com/ubuntu noble-updates/universe amd64 qemu-user-static amd64 1:8.2.2+ds-0ubuntu1.17 [14.7 MB]
09:47:29.335 - Info: Get:20 http://hk.archive.ubuntu.com/ubuntu noble/main amd64 whois amd64 5.5.22 [51.7 kB]
09:47:29.335 - Info: Get:21 http://hk.archive.ubuntu.com/ubuntu noble/universe amd64 xmlstarlet amd64 1.6.1-4 [213 kB]
09:47:29.337 - Info: Get:22 http://hk.archive.ubuntu.com/ubuntu noble/universe amd64 abootimg amd64 0.6-1.1 [14.3 kB]
09:47:29.339 - Info: Get:23 http://hk.archive.ubuntu.com/ubuntu noble/main amd64 libfdt1 amd64 1.7.0-2build1 [20.1 kB]
09:47:29.340 - Info: Get:24 http://hk.archive.ubuntu.com/ubuntu noble/main amd64 device-tree-compiler amd64 1.7.0-2build1 [228 kB]
09:47:29.342 - Info: Get:25 http://hk.archive.ubuntu.com/ubuntu noble/universe amd64 sshpass amd64 1.09-1 [11.7 kB]
09:47:30.036 - Info: Fetched 20.5 MB in 4s (4,580 kB/s)
09:47:30.086 - Info: Selecting previously unselected package binfmt-support.
09:47:30.086 - Info: 
09:47:30.086 - Info: (Reading database ... 
09:47:30.101 - Info: (Reading database ... 5%
09:47:30.101 - Info: (Reading database ... 10%
09:47:30.101 - Info: (Reading database ... 15%
09:47:30.101 - Info: (Reading database ... 20%
09:47:30.101 - Info: (Reading database ... 25%
09:47:30.101 - Info: (Reading database ... 30%
09:47:30.101 - Info: (Reading database ... 35%
09:47:30.101 - Info: (Reading database ... 40%
09:47:30.101 - Info: (Reading database ... 45%
09:47:30.101 - Info: (Reading database ... 50%
09:47:30.166 - Info: (Reading database ... 55%
09:47:30.218 - Info: (Reading database ... 60%
09:47:30.262 - Info: (Reading database ... 65%
09:47:30.303 - Info: (Reading database ... 70%
09:47:30.355 - Info: (Reading database ... 75%
09:47:30.406 - Info: (Reading database ... 80%
09:47:30.459 - Info: (Reading database ... 85%
09:47:30.538 - Info: (Reading database ... 90%
09:47:30.610 - Info: (Reading database ... 95%
09:47:30.664 - Info: (Reading database ... 100%
09:47:30.664 - Info: (Reading database ... 163606 files and directories currently installed.)
09:47:30.664 - Info: 
09:47:30.668 - Info: Preparing to unpack .../00-binfmt-support_2.2.2-7_amd64.deb ...
09:47:30.668 - Info: 
09:47:30.675 - Info: Unpacking binfmt-support (2.2.2-7) ...
09:47:30.676 - Info: 
09:47:30.723 - Info: Selecting previously unselected package libevent-core-2.1-7t64:amd64.
09:47:30.724 - Info: 
09:47:30.739 - Info: Preparing to unpack .../01-libevent-core-2.1-7t64_2.1.12-stable-9ubuntu2_amd64.deb ...
09:47:30.739 - Info: 
09:47:30.744 - Info: Unpacking libevent-core-2.1-7t64:amd64 (2.1.12-stable-9ubuntu2) ...
09:47:30.744 - Info: 
09:47:30.785 - Info: Selecting previously unselected package rpcbind.
09:47:30.785 - Info: 
09:47:30.800 - Info: Preparing to unpack .../02-rpcbind_1.2.6-7ubuntu2_amd64.deb ...
09:47:30.800 - Info: 
09:47:30.805 - Info: Unpacking rpcbind (1.2.6-7ubuntu2) ...
09:47:30.805 - Info: 
09:47:30.840 - Info: Selecting previously unselected package keyutils.
09:47:30.840 - Info: 
09:47:30.858 - Info: Preparing to unpack .../03-keyutils_1.6.3-3build1_amd64.deb ...
09:47:30.858 - Info: 
09:47:30.860 - Info: Unpacking keyutils (1.6.3-3build1) ...
09:47:30.860 - Info: 
09:47:30.915 - Info: Selecting previously unselected package nfs-common.
09:47:30.915 - Info: 
09:47:30.932 - Info: Preparing to unpack .../04-nfs-common_1%3a2.6.4-3ubuntu5.1_amd64.deb ...
09:47:30.932 - Info: 
09:47:30.940 - Info: Unpacking nfs-common (1:2.6.4-3ubuntu5.1) ...
09:47:30.940 - Info: 
09:47:31.008 - Info: Selecting previously unselected package binutils-common:amd64.
09:47:31.008 - Info: 
09:47:31.023 - Info: Preparing to unpack .../05-binutils-common_2.42-4ubuntu2.10_amd64.deb ...
09:47:31.023 - Info: 
09:47:31.026 - Info: Unpacking binutils-common:amd64 (2.42-4ubuntu2.10) ...
09:47:31.026 - Info: 
09:47:31.068 - Info: Selecting previously unselected package libsframe1:amd64.
09:47:31.068 - Info: 
09:47:31.082 - Info: Preparing to unpack .../06-libsframe1_2.42-4ubuntu2.10_amd64.deb ...
09:47:31.082 - Info: 
09:47:31.085 - Info: Unpacking libsframe1:amd64 (2.42-4ubuntu2.10) ...
09:47:31.085 - Info: 
09:47:31.123 - Info: Selecting previously unselected package libbinutils:amd64.
09:47:31.123 - Info: 
09:47:31.140 - Info: Preparing to unpack .../07-libbinutils_2.42-4ubuntu2.10_amd64.deb ...
09:47:31.140 - Info: 
09:47:31.144 - Info: Unpacking libbinutils:amd64 (2.42-4ubuntu2.10) ...
09:47:31.144 - Info: 
09:47:31.204 - Info: Selecting previously unselected package libctf-nobfd0:amd64.
09:47:31.204 - Info: 
09:47:31.220 - Info: Preparing to unpack .../08-libctf-nobfd0_2.42-4ubuntu2.10_amd64.deb ...
09:47:31.220 - Info: 
09:47:31.223 - Info: Unpacking libctf-nobfd0:amd64 (2.42-4ubuntu2.10) ...
09:47:31.223 - Info: 
09:47:31.265 - Info: Selecting previously unselected package libctf0:amd64.
09:47:31.265 - Info: 
09:47:31.285 - Info: Preparing to unpack .../09-libctf0_2.42-4ubuntu2.10_amd64.deb ...
09:47:31.285 - Info: 
09:47:31.286 - Info: Unpacking libctf0:amd64 (2.42-4ubuntu2.10) ...
09:47:31.286 - Info: 
09:47:31.332 - Info: Selecting previously unselected package libgprofng0:amd64.
09:47:31.332 - Info: 
09:47:31.348 - Info: Preparing to unpack .../10-libgprofng0_2.42-4ubuntu2.10_amd64.deb ...
09:47:31.348 - Info: 
09:47:31.351 - Info: Unpacking libgprofng0:amd64 (2.42-4ubuntu2.10) ...
09:47:31.351 - Info: 
09:47:31.416 - Info: Selecting previously unselected package binutils-x86-64-linux-gnu.
09:47:31.416 - Info: 
09:47:31.435 - Info: Preparing to unpack .../11-binutils-x86-64-linux-gnu_2.42-4ubuntu2.10_amd64.deb ...
09:47:31.435 - Info: 
09:47:31.437 - Info: Unpacking binutils-x86-64-linux-gnu (2.42-4ubuntu2.10) ...
09:47:31.437 - Info: 
09:47:31.565 - Info: Selecting previously unselected package binutils.
09:47:31.565 - Info: 
09:47:31.579 - Info: Preparing to unpack .../12-binutils_2.42-4ubuntu2.10_amd64.deb ...
09:47:31.579 - Info: 
09:47:31.581 - Info: Unpacking binutils (2.42-4ubuntu2.10) ...
09:47:31.582 - Info: 
09:47:31.617 - Info: Selecting previously unselected package libxml2-utils.
09:47:31.617 - Info: 
09:47:31.633 - Info: Preparing to unpack .../13-libxml2-utils_2.9.14+dfsg-1.3ubuntu3.8_amd64.deb ...
09:47:31.633 - Info: 
09:47:31.635 - Info: Unpacking libxml2-utils (2.9.14+dfsg-1.3ubuntu3.8) ...
09:47:31.635 - Info: 
09:47:31.668 - Info: Selecting previously unselected package lz4.
09:47:31.669 - Info: 
09:47:31.685 - Info: Preparing to unpack .../14-lz4_1.9.4-1build1.1_amd64.deb ...
09:47:31.685 - Info: 
09:47:31.687 - Info: Unpacking lz4 (1.9.4-1build1.1) ...
09:47:31.687 - Info: 
09:47:31.726 - Info: Selecting previously unselected package nfs-kernel-server.
09:47:31.726 - Info: 
09:47:31.742 - Info: Preparing to unpack .../15-nfs-kernel-server_1%3a2.6.4-3ubuntu5.1_amd64.deb ...
09:47:31.742 - Info: 
09:47:31.747 - Info: Unpacking nfs-kernel-server (1:2.6.4-3ubuntu5.1) ...
09:47:31.747 - Info: 
09:47:31.793 - Info: Selecting previously unselected package python-is-python3.
09:47:31.793 - Info: 
09:47:31.811 - Info: Preparing to unpack .../16-python-is-python3_3.11.4-1_all.deb ...
09:47:31.811 - Info: 
09:47:31.813 - Info: Unpacking python-is-python3 (3.11.4-1) ...
09:47:31.813 - Info: 
09:47:31.843 - Info: Selecting previously unselected package python3-usb.
09:47:31.843 - Info: 
09:47:31.858 - Info: Preparing to unpack .../17-python3-usb_1.2.1-2_all.deb ...
09:47:31.858 - Info: 
09:47:31.861 - Info: Unpacking python3-usb (1.2.1-2) ...
09:47:31.861 - Info: 
09:47:31.901 - Info: Selecting previously unselected package qemu-user-static.
09:47:31.901 - Info: 
09:47:31.915 - Info: Preparing to unpack .../18-qemu-user-static_1%3a8.2.2+ds-0ubuntu1.17_amd64.deb ...
09:47:31.916 - Info: 
09:47:31.918 - Info: Unpacking qemu-user-static (1:8.2.2+ds-0ubuntu1.17) ...
09:47:31.918 - Info: 
09:47:32.562 - Info: Selecting previously unselected package whois.
09:47:32.562 - Info: 
09:47:32.579 - Info: Preparing to unpack .../19-whois_5.5.22_amd64.deb ...
09:47:32.579 - Info: 
09:47:32.580 - Info: Unpacking whois (5.5.22) ...
09:47:32.580 - Info: 
09:47:32.620 - Info: Selecting previously unselected package xmlstarlet.
09:47:32.620 - Info: 
09:47:32.634 - Info: Preparing to unpack .../20-xmlstarlet_1.6.1-4_amd64.deb ...
09:47:32.634 - Info: 
09:47:32.636 - Info: Unpacking xmlstarlet (1.6.1-4) ...
09:47:32.636 - Info: 
09:47:32.724 - Info: Selecting previously unselected package abootimg.
09:47:32.724 - Info: 
09:47:32.742 - Info: Preparing to unpack .../21-abootimg_0.6-1.1_amd64.deb ...
09:47:32.742 - Info: 
09:47:32.745 - Info: Unpacking abootimg (0.6-1.1) ...
09:47:32.745 - Info: 
09:47:32.778 - Info: Selecting previously unselected package libfdt1:amd64.
09:47:32.778 - Info: 
09:47:32.792 - Info: Preparing to unpack .../22-libfdt1_1.7.0-2build1_amd64.deb ...
09:47:32.793 - Info: 
09:47:32.794 - Info: Unpacking libfdt1:amd64 (1.7.0-2build1) ...
09:47:32.794 - Info: 
09:47:32.828 - Info: Selecting previously unselected package device-tree-compiler.
09:47:32.828 - Info: 
09:47:32.846 - Info: Preparing to unpack .../23-device-tree-compiler_1.7.0-2build1_amd64.deb ...
09:47:32.846 - Info: 
09:47:32.849 - Info: Unpacking device-tree-compiler (1.7.0-2build1) ...
09:47:32.849 - Info: 
09:47:32.892 - Info: Selecting previously unselected package sshpass.
09:47:32.892 - Info: 
09:47:32.910 - Info: Preparing to unpack .../24-sshpass_1.09-1_amd64.deb ...
09:47:32.910 - Info: 
09:47:32.912 - Info: Unpacking sshpass (1.09-1) ...
09:47:32.912 - Info: 
09:47:32.971 - Info: Setting up whois (5.5.22) ...
09:47:32.971 - Info: 
09:47:32.975 - Info: Setting up qemu-user-static (1:8.2.2+ds-0ubuntu1.17) ...
09:47:32.975 - Info: 
09:47:32.982 - Info: Setting up python3-usb (1.2.1-2) ...
09:47:32.982 - Info: 
09:47:33.160 - Info: Setting up binutils-common:amd64 (2.42-4ubuntu2.10) ...
09:47:33.160 - Info: 
09:47:33.166 - Info: Setting up libctf-nobfd0:amd64 (2.42-4ubuntu2.10) ...
09:47:33.167 - Info: 
09:47:33.168 - Info: Setting up rpcbind (1.2.6-7ubuntu2) ...
09:47:33.169 - Info: 
09:47:33.845 - Info: Created symlink /etc/systemd/system/multi-user.target.wants/rpcbind.service → /usr/lib/systemd/system/rpcbind.service.
09:47:33.845 - Info: 
09:47:33.845 - Info: 
09:47:33.845 - Info: Created symlink /etc/systemd/system/sockets.target.wants/rpcbind.socket → /usr/lib/systemd/system/rpcbind.socket.
09:47:33.845 - Info: 
09:47:33.845 - Info: 
09:47:34.450 - Info: Setting up libfdt1:amd64 (1.7.0-2build1) ...
09:47:34.450 - Info: 
09:47:34.453 - Info: Setting up sshpass (1.09-1) ...
09:47:34.454 - Info: 
09:47:34.458 - Info: Setting up libsframe1:amd64 (2.42-4ubuntu2.10) ...
09:47:34.458 - Info: 
09:47:34.461 - Info: Setting up binfmt-support (2.2.2-7) ...
09:47:34.461 - Info: 
09:47:34.469 - Info: update-binfmts: warning: python3.12 already enabled in kernel.
09:47:34.469 - Info: 
09:47:34.969 - Info: Created symlink /etc/systemd/system/multi-user.target.wants/binfmt-support.service → /usr/lib/systemd/system/binfmt-support.service.
09:47:34.969 - Info: 
09:47:34.969 - Info: 
09:47:35.453 - Info: Setting up device-tree-compiler (1.7.0-2build1) ...
09:47:35.453 - Info: 
09:47:35.457 - Info: Setting up xmlstarlet (1.6.1-4) ...
09:47:35.457 - Info: 
09:47:35.462 - Info: Setting up lz4 (1.9.4-1build1.1) ...
09:47:35.462 - Info: 
09:47:35.466 - Info: Setting up keyutils (1.6.3-3build1) ...
09:47:35.466 - Info: 
09:47:35.473 - Info: Setting up libevent-core-2.1-7t64:amd64 (2.1.12-stable-9ubuntu2) ...
09:47:35.473 - Info: 
09:47:35.475 - Info: Setting up libbinutils:amd64 (2.42-4ubuntu2.10) ...
09:47:35.475 - Info: 
09:47:35.478 - Info: Setting up libxml2-utils (2.9.14+dfsg-1.3ubuntu3.8) ...
09:47:35.478 - Info: 
09:47:35.481 - Info: Setting up abootimg (0.6-1.1) ...
09:47:35.481 - Info: 
09:47:35.485 - Info: Setting up python-is-python3 (3.11.4-1) ...
09:47:35.485 - Info: 
09:47:35.490 - Info: Setting up libctf0:amd64 (2.42-4ubuntu2.10) ...
09:47:35.490 - Info: 
09:47:35.494 - Info: Setting up nfs-common (1:2.6.4-3ubuntu5.1) ...
09:47:35.494 - Info: 
09:47:35.725 - Info: 
09:47:35.725 - Info: 
09:47:35.726 - Info: Creating config file /etc/idmapd.conf with new version
09:47:35.726 - Info: 
09:47:36.298 - Info: 
09:47:36.298 - Info: 
09:47:36.298 - Info: Creating config file /etc/nfs.conf with new version
09:47:36.298 - Info: 
09:47:36.424 - Info: info: Selecting UID from range 100 to 999 ...
09:47:36.424 - Info: 
09:47:36.424 - Info: 
09:47:36.424 - Info: 
09:47:36.428 - Info: info: Adding system user `statd' (UID 123) ...
09:47:36.428 - Info: 
09:47:36.431 - Info: info: Adding new user `statd' (UID 123) with group `nogroup' ...
09:47:36.431 - Info: 
09:47:36.459 - Info: info: Not creating home directory `/var/lib/nfs'.
09:47:36.459 - Info: 
09:47:36.968 - Info: Created symlink /etc/systemd/system/multi-user.target.wants/nfs-client.target → /usr/lib/systemd/system/nfs-client.target.
09:47:36.968 - Info: 
09:47:36.968 - Info: 
09:47:36.968 - Info: Created symlink /etc/systemd/system/remote-fs.target.wants/nfs-client.target → /usr/lib/systemd/system/nfs-client.target.
09:47:36.968 - Info: 
09:47:36.968 - Info: 
09:47:37.391 - Info: auth-rpcgss-module.service is a disabled or a static unit, not starting it.
09:47:37.391 - Info: 
09:47:37.434 - Info: nfs-idmapd.service is a disabled or a static unit, not starting it.
09:47:37.434 - Info: 
09:47:37.454 - Info: nfs-utils.service is a disabled or a static unit, not starting it.
09:47:37.454 - Info: 
09:47:37.474 - Info: proc-fs-nfsd.mount is a disabled or a static unit, not starting it.
09:47:37.474 - Info: 
09:47:37.495 - Info: rpc-gssd.service is a disabled or a static unit, not starting it.
09:47:37.495 - Info: 
09:47:37.514 - Info: rpc-statd-notify.service is a disabled or a static unit, not starting it.
09:47:37.514 - Info: 
09:47:37.534 - Info: rpc-statd.service is a disabled or a static unit, not starting it.
09:47:37.534 - Info: 
09:47:37.555 - Info: rpc-svcgssd.service is a disabled or a static unit, not starting it.
09:47:37.555 - Info: 
09:47:37.789 - Info: Setting up libgprofng0:amd64 (2.42-4ubuntu2.10) ...
09:47:37.789 - Info: 
09:47:37.796 - Info: Setting up binutils-x86-64-linux-gnu (2.42-4ubuntu2.10) ...
09:47:37.796 - Info: 
09:47:37.804 - Info: Setting up nfs-kernel-server (1:2.6.4-3ubuntu5.1) ...
09:47:37.804 - Info: 
09:47:37.925 - Info: Created symlink /etc/systemd/system/nfs-mountd.service.requires/fsidd.service → /usr/lib/systemd/system/fsidd.service.
09:47:37.925 - Info: 
09:47:37.925 - Info: 
09:47:37.925 - Info: Created symlink /etc/systemd/system/nfs-server.service.requires/fsidd.service → /usr/lib/systemd/system/fsidd.service.
09:47:37.925 - Info: 
09:47:37.925 - Info: 
09:47:38.052 - Info: Created symlink /etc/systemd/system/nfs-client.target.wants/nfs-blkmap.service → /usr/lib/systemd/system/nfs-blkmap.service.
09:47:38.052 - Info: 
09:47:38.052 - Info: 
09:47:38.175 - Info: Created symlink /etc/systemd/system/multi-user.target.wants/nfs-server.service → /usr/lib/systemd/system/nfs-server.service.
09:47:38.175 - Info: 
09:47:38.175 - Info: 
09:47:38.576 - Info: nfs-mountd.service is a disabled or a static unit, not starting it.
09:47:38.576 - Info: 
09:47:38.607 - Info: nfsdcld.service is a disabled or a static unit, not starting it.
09:47:38.607 - Info: 
09:47:39.337 - Info: 
09:47:39.337 - Info: 
09:47:39.337 - Info: Creating config file /etc/exports with new version
09:47:39.338 - Info: 
09:47:39.607 - Info: 
09:47:39.607 - Info: 
09:47:39.607 - Info: Creating config file /etc/default/nfs-kernel-server with new version
09:47:39.607 - Info: 
09:47:40.088 - Info: Setting up binutils (2.42-4ubuntu2.10) ...
09:47:40.088 - Info: 
09:47:40.091 - Info: Processing triggers for libc-bin (2.39-0ubuntu8.7) ...
09:47:40.091 - Info: 
09:47:40.143 - Info: Processing triggers for systemd (255.4-1ubuntu8.16) ...
09:47:40.143 - Info: 
09:47:40.213 - Info: Processing triggers for man-db (2.12.0-4build2) ...
09:47:40.213 - Info: 
09:47:57.762 - Info: Using rootfs directory of: /home/ckw/nvidia/nvidia_sdk/JetPack_7.2_Linux_JETSON_ORIN_NANO_TARGETS/Linux_for_Tegra/rootfs
09:47:57.773 - Info: Installing extlinux.conf into /boot/extlinux in target rootfs
09:47:57.780 - Info: /home/ckw/nvidia/nvidia_sdk/JetPack_7.2_Linux_JETSON_ORIN_NANO_TARGETS/Linux_for_Tegra/nv_tegra/nv-apply-debs.sh
09:47:57.798 - Info: Root file system directory is /home/ckw/nvidia/nvidia_sdk/JetPack_7.2_Linux_JETSON_ORIN_NANO_TARGETS/Linux_for_Tegra/rootfs
09:47:57.798 - Info: Creating directory for debian packages
09:47:57.802 - Info: Getting list of packages to install
09:47:57.822 - Info: Copying and processing debian packages
09:47:57.874 - Info: Skipping installation of nvidia-l4t-bsp-nvgpu_39.2.0-20260601141651_arm64.deb ....
09:47:57.937 - Info: Skipping installation of nvidia-l4t-dgpu-config_39.2.0-20260601141651_arm64.deb ....
09:47:58.506 - Info: Skipping installation of nvidia-igx-oobe_39.2.0-20260601141651_arm64.deb ....
09:47:58.539 - Info: Skipping installation of nvidia-l4t-fbdev-x11_39.2.0-20260601141651_arm64.deb ....
09:47:58.544 - Info: Skipping installation of nvidia-l4t-dgpu-x11_39.2.0-20260601141651_arm64.deb ....
09:47:58.566 - Info: Skipping installation of nvidia-l4t-dgpu-apt-source_39.2.0-20260601141651_arm64.deb ....
09:47:58.623 - Info: Skipping installation of nvidia-igx-systemd-reboot-hooks_39.2.0-20260601141651_arm64.deb ....
09:47:58.654 - Info: Skipping installation of nvidia-l4t-factory-service_39.2.0-20260601141651_arm64.deb ....
09:47:58.704 - Info: Skipping installation of nvidia-l4t-bsp-openrm_39.2.0-20260601141651_arm64.deb ....
09:47:58.754 - Info: Skipping installation of nvidia-l4t-dgpu-tools_39.2.0-20260601141651_arm64.deb ....
09:47:58.985 - Info: Skipping installation of nvidia-igx-bootloader_39.2.0-20260601141651_arm64.deb ....
09:47:59.442 - Info: Start L4T BSP package installation
09:47:59.464 - Info: Found qemu-aarch64-static in /usr/bin
09:47:59.464 - Info: Installing QEMU binary in /home/ckw/nvidia/nvidia_sdk/JetPack_7.2_Linux_JETSON_ORIN_NANO_TARGETS/Linux_for_Tegra/rootfs
09:47:59.499 - Info: Host qemu-aarch64-static version: 8.2.2
09:47:59.504 - Info: Skip ldconfig because this version of QEMU suffers from a known issue:
09:47:59.505 - Info: https://gitlab.com/qemu-project/qemu/-/issues/1913
09:47:59.508 - Info: QEMU setup done!
09:47:59.508 - Info: /home/ckw/nvidia/nvidia_sdk/JetPack_7.2_Linux_JETSON_ORIN_NANO_TARGETS/Linux_for_Tegra/rootfs /home/ckw/nvidia/nvidia_sdk/JetPack_7.2_Linux_JETSON_ORIN_NANO_TARGETS/Linux_for_Tegra
09:47:59.510 - Info: Installing BSP Debian packages in /home/ckw/nvidia/nvidia_sdk/JetPack_7.2_Linux_JETSON_ORIN_NANO_TARGETS/Linux_for_Tegra/rootfs
09:48:00.092 - Info: Selecting previously unselected package nvidia-l4t-libvulkan.
09:48:01.337 - Info: (Reading database ... 156733 files and directories currently installed.)
09:48:01.349 - Info: Preparing to unpack .../nvidia-l4t-libvulkan_39.2.0-20260601141651_arm64.deb ...
09:48:01.359 - Info: Unpacking nvidia-l4t-libvulkan (39.2.0-20260601141651) ...
09:48:01.745 - Info: Selecting previously unselected package nvidia-l4t-nvfancontrol.
09:48:01.846 - Info: Preparing to unpack .../nvidia-l4t-nvfancontrol_39.2.0-20260601141651_arm64.deb ...
09:48:01.850 - Info: Unpacking nvidia-l4t-nvfancontrol (39.2.0-20260601141651) ...
09:48:02.123 - Info: Selecting previously unselected package nvidia-l4t-pva.
09:48:02.196 - Info: Preparing to unpack .../nvidia-l4t-pva_39.2.0-20260601141651_arm64.deb ...
09:48:02.198 - Info: Unpacking nvidia-l4t-pva (39.2.0-20260601141651) ...
09:48:02.467 - Info: Selecting previously unselected package nvidia-l4t-init.
09:48:02.539 - Info: Preparing to unpack .../nvidia-l4t-init_39.2.0-20260601141651_arm64.deb ...
09:48:02.541 - Info: Unpacking nvidia-l4t-init (39.2.0-20260601141651) ...
09:48:02.836 - Info: Selecting previously unselected package nvidia-l4t-apt-source.
09:48:02.918 - Info: Preparing to unpack .../nvidia-l4t-apt-source_39.2.0-20260601141651_arm64.deb ...
09:48:02.920 - Info: Unpacking nvidia-l4t-apt-source (39.2.0-20260601141651) ...
09:48:03.193 - Info: Selecting previously unselected package nvidia-l4t-bsp.
09:48:03.343 - Info: Preparing to unpack .../nvidia-l4t-bsp_39.2.0-20260601141651_arm64.deb ...
09:48:03.345 - Info: Unpacking nvidia-l4t-bsp (39.2.0-20260601141651) ...
09:48:03.672 - Info: Selecting previously unselected package nvidia-l4t-firmware-openrm.
09:48:03.746 - Info: Preparing to unpack .../nvidia-l4t-firmware-openrm_39.2.0-20260601141651_arm64.deb ...
09:48:03.748 - Info: Unpacking nvidia-l4t-firmware-openrm (39.2.0-20260601141651) ...
09:48:05.753 - Info: Selecting previously unselected package nvidia-l4t-init-nvgpu.
09:48:05.833 - Info: Preparing to unpack .../nvidia-l4t-init-nvgpu_39.2.0-20260601141651_arm64.deb ...
09:48:05.836 - Info: Unpacking nvidia-l4t-init-nvgpu (39.2.0-20260601141651) ...
09:48:06.072 - Info: Selecting previously unselected package nvidia-l4t-vulkan-sc-nvgpu.
09:48:06.145 - Info: Preparing to unpack .../nvidia-l4t-vulkan-sc-nvgpu_39.2.0-20260601141651_arm64.deb ...
09:48:06.147 - Info: Unpacking nvidia-l4t-vulkan-sc-nvgpu (39.2.0-20260601141651) ...
09:48:06.475 - Info: Selecting previously unselected package nvidia-l4t-video-codec-openrm.
09:48:06.556 - Info: Preparing to unpack .../nvidia-l4t-video-codec-openrm_39.2.0-20260601141651_arm64.deb ...
09:48:06.558 - Info: Unpacking nvidia-l4t-video-codec-openrm (39.2.0-20260601141651) ...
09:48:07.423 - Info: Selecting previously unselected package nvidia-l4t-initrd.
09:48:07.524 - Info: Preparing to unpack .../nvidia-l4t-initrd_39.2.0-20260601141651_arm64.deb ...
09:48:07.528 - Info: Unpacking nvidia-l4t-initrd (39.2.0-20260601141651) ...
09:48:08.047 - Info: Selecting previously unselected package nvidia-l4t-power-adapter-check.
09:48:08.122 - Info: Preparing to unpack .../nvidia-l4t-power-adapter-check_39.2.0-20260601141651_arm64.deb ...
09:48:08.125 - Info: Unpacking nvidia-l4t-power-adapter-check (39.2.0-20260601141651) ...
09:48:08.374 - Info: Selecting previously unselected package nvidia-l4t-openwfd.
09:48:08.452 - Info: Preparing to unpack .../nvidia-l4t-openwfd_39.2.0-20260601141651_arm64.deb ...
09:48:08.456 - Info: Unpacking nvidia-l4t-openwfd (39.2.0-20260601141651) ...
09:48:08.708 - Info: Selecting previously unselected package nvidia-l4t-nvml.
09:48:08.777 - Info: Preparing to unpack .../nvidia-l4t-nvml_39.2.0-20260601141651_arm64.deb ...
09:48:08.779 - Info: Unpacking nvidia-l4t-nvml (39.2.0-20260601141651) ...
09:48:09.126 - Info: Selecting previously unselected package nvidia-l4t-multimedia.
09:48:09.199 - Info: Preparing to unpack .../nvidia-l4t-multimedia_39.2.0-20260601141651_arm64.deb ...
09:48:09.202 - Info: Unpacking nvidia-l4t-multimedia (39.2.0-20260601141651) ...
09:48:10.879 - Info: Selecting previously unselected package nvidia-l4t-wayland.
09:48:10.950 - Info: Preparing to unpack .../nvidia-l4t-wayland_39.2.0-20260601141651_arm64.deb ...
09:48:10.952 - Info: Unpacking nvidia-l4t-wayland (39.2.0-20260601141651) ...
09:48:11.203 - Info: Selecting previously unselected package nvidia-l4t-usb-service.
09:48:11.271 - Info: Preparing to unpack .../nvidia-l4t-usb-service_39.2.0-20260601141651_arm64.deb ...
09:48:11.276 - Info: Unpacking nvidia-l4t-usb-service (39.2.0-20260601141651) ...
09:48:11.823 - Info: Selecting previously unselected package nvidia-l4t-3d-core.
09:48:11.899 - Info: Preparing to unpack .../nvidia-l4t-3d-core_39.2.0-20260601141651_arm64.deb ...
09:48:11.902 - Info: Unpacking nvidia-l4t-3d-core (39.2.0-20260601141651) ...
09:48:21.474 - Info: Selecting previously unselected package nvidia-l4t-multimedia-openrm.
09:48:21.556 - Info: Preparing to unpack .../nvidia-l4t-multimedia-openrm_39.2.0-20260601141651_arm64.deb ...
09:48:21.559 - Info: Unpacking nvidia-l4t-multimedia-openrm (39.2.0-20260601141651) ...
09:48:21.868 - Info: Selecting previously unselected package nvidia-l4t-vulkan-sc-openrm.
09:48:21.954 - Info: Preparing to unpack .../nvidia-l4t-vulkan-sc-openrm_39.2.0-20260601141651_arm64.deb ...
09:48:21.957 - Info: Unpacking nvidia-l4t-vulkan-sc-openrm (39.2.0-20260601141651) ...
09:48:22.498 - Info: Selecting previously unselected package nvidia-l4t-x11.
09:48:22.569 - Info: Preparing to unpack .../nvidia-l4t-x11_39.2.0-20260601141651_arm64.deb ...
09:48:22.572 - Info: Unpacking nvidia-l4t-x11 (39.2.0-20260601141651) ...
09:48:22.814 - Info: Selecting previously unselected package nvidia-l4t-extlinux.
09:48:22.890 - Info: Preparing to unpack .../nvidia-l4t-extlinux_39.2.0-20260601141651_arm64.deb ...
09:48:22.893 - Info: Unpacking nvidia-l4t-extlinux (39.2.0-20260601141651) ...
09:48:23.133 - Info: Selecting previously unselected package nvidia-l4t-vulkan-sc-sdk.
09:48:23.202 - Info: Preparing to unpack .../nvidia-l4t-vulkan-sc-sdk_39.2.0-20260601141651_arm64.deb ...
09:48:23.205 - Info: Unpacking nvidia-l4t-vulkan-sc-sdk (39.2.0-20260601141651) ...
09:48:24.174 - Info: Selecting previously unselected package nvidia-l4t-init-openrm.
09:48:24.258 - Info: Preparing to unpack .../nvidia-l4t-init-openrm_39.2.0-20260601141651_arm64.deb ...
09:48:24.260 - Info: Unpacking nvidia-l4t-init-openrm (39.2.0-20260601141651) ...
09:48:24.536 - Info: Selecting previously unselected package nvidia-l4t-cuda-nvgpu.
09:48:24.613 - Info: Preparing to unpack .../nvidia-l4t-cuda-nvgpu_39.2.0-20260601141651_arm64.deb ...
09:48:24.617 - Info: Unpacking nvidia-l4t-cuda-nvgpu (39.2.0-20260601141651) ...
09:48:29.004 - Info: Selecting previously unselected package nvidia-l4t-graphics-demos.
09:48:29.085 - Info: Preparing to unpack .../nvidia-l4t-graphics-demos_39.2.0-20260601141651_arm64.deb ...
09:48:29.088 - Info: Unpacking nvidia-l4t-graphics-demos (39.2.0-20260601141651) ...
09:48:31.269 - Info: Selecting previously unselected package nvidia-l4t-nvsci.
09:48:31.342 - Info: Preparing to unpack .../nvidia-l4t-nvsci_39.2.0-20260601141651_arm64.deb ...
09:48:31.346 - Info: Unpacking nvidia-l4t-nvsci (39.2.0-20260601141651) ...
09:48:31.675 - Info: Selecting previously unselected package nvidia-l4t-gbm.
09:48:31.753 - Info: Preparing to unpack .../nvidia-l4t-gbm_39.2.0-20260601141651_arm64.deb ...
09:48:31.757 - Info: Unpacking nvidia-l4t-gbm (39.2.0-20260601141651) ...
09:48:32.059 - Info: Selecting previously unselected package nvidia-l4t-nvpmodel-gui-tools.
09:48:32.134 - Info: Preparing to unpack .../nvidia-l4t-nvpmodel-gui-tools_39.2.0-20260601141651_arm64.deb ...
09:48:32.138 - Info: Unpacking nvidia-l4t-nvpmodel-gui-tools (39.2.0-20260601141651) ...
09:48:32.375 - Info: Selecting previously unselected package nvidia-l4t-firmware-nvgpu.
09:48:32.449 - Info: Preparing to unpack .../nvidia-l4t-firmware-nvgpu_39.2.0-20260601141651_arm64.deb ...
09:48:32.451 - Info: Unpacking nvidia-l4t-firmware-nvgpu (39.2.0-20260601141651) ...
09:48:32.702 - Info: Selecting previously unselected package nvidia-l4t-jetsonpower-gui-tools.
09:48:32.774 - Info: Preparing to unpack .../nvidia-l4t-jetsonpower-gui-tools_39.2.0-20260601141651_arm64.deb ...
09:48:32.776 - Info: Unpacking nvidia-l4t-jetsonpower-gui-tools (39.2.0-20260601141651) ...
09:48:33.080 - Info: Selecting previously unselected package nvidia-l4t-xwayland.
09:48:33.151 - Info: Preparing to unpack .../nvidia-l4t-xwayland_39.2.0-20260601141651_arm64.deb ...
09:48:33.153 - Info: Unpacking nvidia-l4t-xwayland (39.2.0-20260601141651) ...
09:48:33.409 - Info: Selecting previously unselected package nvidia-l4t-nvpmodel.
09:48:33.480 - Info: Preparing to unpack .../nvidia-l4t-nvpmodel_39.2.0-20260601141651_arm64.deb ...
09:48:33.483 - Info: Unpacking nvidia-l4t-nvpmodel (39.2.0-20260601141651) ...
09:48:33.756 - Info: Selecting previously unselected package nvidia-l4t-oobe.
09:48:33.826 - Info: Preparing to unpack .../nvidia-l4t-oobe_39.2.0-20260601141651_arm64.deb ...
09:48:33.829 - Info: Unpacking nvidia-l4t-oobe (39.2.0-20260601141651) ...
09:48:34.083 - Info: Selecting previously unselected package nvidia-l4t-jetson-io.
09:48:34.158 - Info: Preparing to unpack .../nvidia-l4t-jetson-io_39.2.0-20260601141651_arm64.deb ...
09:48:34.164 - Info: Unpacking nvidia-l4t-jetson-io (39.2.0-20260601141651) ...
09:48:34.462 - Info: Selecting previously unselected package nvidia-l4t-core.
09:48:34.536 - Info: Preparing to unpack .../nvidia-l4t-core_39.2.0-20260601141651_arm64.deb ...
09:48:34.598 - Info: Pre-installing... skip compatibility checking.
09:48:34.604 - Info: Unpacking nvidia-l4t-core (39.2.0-20260601141651) ...
09:48:35.176 - Info: Selecting previously unselected package nvidia-l4t-wpasupplicant.
09:48:35.263 - Info: Preparing to unpack .../nvidia-l4t-wpasupplicant_39.2.0-20260601141651_arm64.deb ...
09:48:35.267 - Info: Unpacking nvidia-l4t-wpasupplicant (39.2.0-20260601141651) ...
09:48:35.520 - Info: Selecting previously unselected package nvidia-l4t-weston.
09:48:35.597 - Info: Preparing to unpack .../nvidia-l4t-weston_39.2.0-20260601141651_arm64.deb ...
09:48:35.600 - Info: Unpacking nvidia-l4t-weston (39.2.0-20260601141651) ...
09:48:36.230 - Info: Selecting previously unselected package nvidia-l4t-camera.
09:48:36.303 - Info: Preparing to unpack .../nvidia-l4t-camera_39.2.0-20260601141651_arm64.deb ...
09:48:36.306 - Info: Unpacking nvidia-l4t-camera (39.2.0-20260601141651) ...
09:48:37.928 - Info: Selecting previously unselected package nvidia-l4t-kernel-module-configs.
09:48:37.998 - Info: Preparing to unpack .../nvidia-l4t-kernel-module-configs_6.8.12-tegra-39.2.0-20260601141651_arm64.deb ...
09:48:38.000 - Info: Unpacking nvidia-l4t-kernel-module-configs (6.8.12-tegra-39.2.0-20260601141651) ...
09:48:38.231 - Info: Selecting previously unselected package nvidia-l4t-cuda.
09:48:38.308 - Info: Preparing to unpack .../nvidia-l4t-cuda_39.2.0-20260601141651_arm64.deb ...
09:48:38.310 - Info: Unpacking nvidia-l4t-cuda (39.2.0-20260601141651) ...
09:48:38.565 - Info: Selecting previously unselected package nvidia-l4t-cuda-utils.
09:48:38.632 - Info: Preparing to unpack .../nvidia-l4t-cuda-utils_39.2.0-20260601141651_arm64.deb ...
09:48:38.633 - Info: Unpacking nvidia-l4t-cuda-utils (39.2.0-20260601141651) ...
09:48:38.876 - Info: Selecting previously unselected package nvidia-l4t-firmware.
09:48:38.948 - Info: Preparing to unpack .../nvidia-l4t-firmware_39.2.0-20260601141651_arm64.deb ...
09:48:38.953 - Info: Unpacking nvidia-l4t-firmware (39.2.0-20260601141651) ...
09:48:39.898 - Info: Selecting previously unselected package nvidia-l4t-firstboot.
09:48:39.968 - Info: Preparing to unpack .../nvidia-l4t-firstboot_39.2.0-20260601141651_arm64.deb ...
09:48:39.971 - Info: Unpacking nvidia-l4t-firstboot (39.2.0-20260601141651) ...
09:48:40.215 - Info: Selecting previously unselected package nvidia-l4t-adaruntime.
09:48:40.280 - Info: Preparing to unpack .../nvidia-l4t-adaruntime_39.2.0-20260601141651_arm64.deb ...
09:48:40.282 - Info: Unpacking nvidia-l4t-adaruntime (39.2.0-20260601141651) ...
09:48:40.729 - Info: Selecting previously unselected package nvidia-l4t-cuda-openrm.
09:48:40.802 - Info: Preparing to unpack .../nvidia-l4t-cuda-openrm_39.2.0-20260601141651_arm64.deb ...
09:48:40.804 - Info: Unpacking nvidia-l4t-cuda-openrm (39.2.0-20260601141651) ...
09:48:45.093 - Info: Selecting previously unselected package nvidia-l4t-multimedia-nvgpu.
09:48:45.170 - Info: Preparing to unpack .../nvidia-l4t-multimedia-nvgpu_39.2.0-20260601141651_arm64.deb ...
09:48:45.173 - Info: Unpacking nvidia-l4t-multimedia-nvgpu (39.2.0-20260601141651) ...
09:48:45.450 - Info: Selecting previously unselected package nvidia-l4t-vulkan-sc-dev.
09:48:45.521 - Info: Preparing to unpack .../nvidia-l4t-vulkan-sc-dev_39.2.0-20260601141651_arm64.deb ...
09:48:45.524 - Info: Unpacking nvidia-l4t-vulkan-sc-dev (39.2.0-20260601141651) ...
09:48:46.821 - Info: Selecting previously unselected package nvidia-l4t-configs.
09:48:46.891 - Info: Preparing to unpack .../nvidia-l4t-configs_39.2.0-20260601141651_arm64.deb ...
09:48:46.894 - Info: Unpacking nvidia-l4t-configs (39.2.0-20260601141651) ...
09:48:47.196 - Info: Selecting previously unselected package nvidia-l4t-tools.
09:48:47.263 - Info: Preparing to unpack .../nvidia-l4t-tools_39.2.0-20260601141651_arm64.deb ...
09:48:47.266 - Info: Unpacking nvidia-l4t-tools (39.2.0-20260601141651) ...
09:48:47.556 - Info: Selecting previously unselected package nvidia-l4t-multimedia-utils.
09:48:47.635 - Info: Preparing to unpack .../nvidia-l4t-multimedia-utils_39.2.0-20260601141651_arm64.deb ...
09:48:47.638 - Info: Unpacking nvidia-l4t-multimedia-utils (39.2.0-20260601141651) ...
09:48:47.912 - Info: Selecting previously unselected package nvidia-l4t-optee.
09:48:47.991 - Info: Preparing to unpack .../nvidia-l4t-optee_39.2.0-20260601141651_arm64.deb ...
09:48:47.992 - Info: Unpacking nvidia-l4t-optee (39.2.0-20260601141651) ...
09:48:48.476 - Info: Selecting previously unselected package nvidia-l4t-vulkan-sc-samples.
09:48:48.550 - Info: Preparing to unpack .../nvidia-l4t-vulkan-sc-samples_39.2.0-20260601141651_arm64.deb ...
09:48:48.552 - Info: Unpacking nvidia-l4t-vulkan-sc-samples (39.2.0-20260601141651) ...
09:48:49.016 - Info: Selecting previously unselected package jetson-gpio-common.
09:48:49.088 - Info: Preparing to unpack .../jetson-gpio-common_2.1.13-0ubuntu1_arm64.deb ...
09:48:49.090 - Info: Unpacking jetson-gpio-common (2.1.13-0ubuntu1) ...
09:48:49.349 - Info: Selecting previously unselected package python3-jetson-gpio.
09:48:49.425 - Info: Preparing to unpack .../python3-jetson-gpio_2.1.13-0ubuntu1_arm64.deb ...
09:48:49.428 - Info: Unpacking python3-jetson-gpio (2.1.13-0ubuntu1) ...
09:48:49.694 - Info: Selecting previously unselected package nvidia-l4t-kernel-oot-modules.
09:48:49.764 - Info: Preparing to unpack .../nvidia-l4t-kernel-oot-modules_6.8.12-tegra-39.2.0-20260601141651_arm64.deb ...
09:48:49.768 - Info: Unpacking nvidia-l4t-kernel-oot-modules (6.8.12-tegra-39.2.0-20260601141651) ...
09:48:50.763 - Info: Selecting previously unselected package nvidia-l4t-kernel-oot-headers.
09:48:50.834 - Info: Preparing to unpack .../nvidia-l4t-kernel-oot-headers_6.8.12-tegra-39.2.0-20260601141651_arm64.deb ...
09:48:50.836 - Info: Unpacking nvidia-l4t-kernel-oot-headers (6.8.12-tegra-39.2.0-20260601141651) ...
09:48:51.281 - Info: Selecting previously unselected package nvidia-l4t-kernel-openrm.
09:48:51.369 - Info: Preparing to unpack .../nvidia-l4t-kernel-openrm_6.8.12-tegra-39.2.0-20260601141651_arm64.deb ...
09:48:51.372 - Info: Unpacking nvidia-l4t-kernel-openrm (6.8.12-tegra-39.2.0-20260601141651) ...
09:48:52.236 - Info: Selecting previously unselected package nvidia-l4t-kernel-dtbs.
09:48:52.319 - Info: Preparing to unpack .../nvidia-l4t-kernel-dtbs_6.8.12-tegra-39.2.0-20260601141651_arm64.deb ...
09:48:52.323 - Info: Unpacking nvidia-l4t-kernel-dtbs (6.8.12-tegra-39.2.0-20260601141651) ...
09:48:52.742 - Info: Selecting previously unselected package nvidia-l4t-kernel-headers.
09:48:52.819 - Info: Preparing to unpack .../nvidia-l4t-kernel-headers_6.8.12-tegra-39.2.0-20260601141651_arm64.deb ...
09:48:52.822 - Info: Unpacking nvidia-l4t-kernel-headers (6.8.12-tegra-39.2.0-20260601141651) ...
09:49:02.675 - Info: Selecting previously unselected package nvidia-l4t-kernel.
09:49:02.838 - Info: Preparing to unpack .../nvidia-l4t-kernel_6.8.12-tegra-39.2.0-20260601141651_arm64.deb ...
09:49:02.842 - Info: Unpacking nvidia-l4t-kernel (6.8.12-tegra-39.2.0-20260601141651) ...
09:49:06.983 - Info: Selecting previously unselected package nvidia-l4t-kernel-nvgpu.
09:49:07.073 - Info: Preparing to unpack .../nvidia-l4t-kernel-nvgpu_6.8.12-tegra-39.2.0-20260601141651_arm64.deb ...
09:49:07.076 - Info: Unpacking nvidia-l4t-kernel-nvgpu (6.8.12-tegra-39.2.0-20260601141651) ...
09:49:07.695 - Info: Selecting previously unselected package nvidia-l4t-display-kernel.
09:49:07.772 - Info: Preparing to unpack .../nvidia-l4t-display-kernel_6.8.12-tegra-39.2.0-20260601141651_arm64.deb ...
09:49:07.775 - Info: Unpacking nvidia-l4t-display-kernel (6.8.12-tegra-39.2.0-20260601141651) ...
09:49:08.043 - Info: Selecting previously unselected package nvidia-l4t-kernel-partitions.
09:49:08.129 - Info: Preparing to unpack .../nvidia-l4t-kernel-partitions_6.8.12-tegra-39.2.0-20260601141651_arm64.deb ...
09:49:08.133 - Info: Unpacking nvidia-l4t-kernel-partitions (6.8.12-tegra-39.2.0-20260601141651) ...
09:49:11.638 - Info: Selecting previously unselected package nvidia-l4t-bootloader.
09:49:11.718 - Info: Preparing to unpack .../nvidia-l4t-bootloader_39.2.0-20260601141651_arm64.deb ...
09:49:11.720 - Info: Unpacking nvidia-l4t-bootloader (39.2.0-20260601141651) ...
09:49:17.272 - Info: Selecting previously unselected package nvidia-l4t-bootloader-utils.
09:49:17.351 - Info: Preparing to unpack .../nvidia-l4t-bootloader-utils_39.2.0-20260601141651_arm64.deb ...
09:49:17.352 - Info: Unpacking nvidia-l4t-bootloader-utils (39.2.0-20260601141651) ...
09:49:17.522 - Info: Setting up nvidia-l4t-libvulkan (39.2.0-20260601141651) ...
09:49:17.529 - Info: Setting up nvidia-l4t-init (39.2.0-20260601141651) ...
09:49:18.053 - Info: Setting up nvidia-l4t-apt-source (39.2.0-20260601141651) ...
09:49:18.115 - Info: Pre-installing... skip changing source list.
09:49:18.123 - Info: Setting up nvidia-l4t-firmware-openrm (39.2.0-20260601141651) ...
09:49:18.129 - Info: Setting up nvidia-l4t-init-nvgpu (39.2.0-20260601141651) ...
09:49:18.132 - Info: Setting up nvidia-l4t-initrd (39.2.0-20260601141651) ...
09:49:18.601 - Info: Pre-installing initrd package, skip flashing
09:49:18.607 - Info: Setting up nvidia-l4t-power-adapter-check (39.2.0-20260601141651) ...
09:49:36.801 - Info: Use of uninitialized value $fieldname in hash element at /usr/sbin/pam-auth-update line 734, <PROFILE> line 1.
09:49:36.803 - Info: Use of uninitialized value in pattern match (m//) at /usr/sbin/pam-auth-update line 734, <PROFILE> line 1.
09:49:36.803 - Info: Use of uninitialized value $fieldname in hash element at /usr/sbin/pam-auth-update line 737, <PROFILE> line 1.
09:49:36.803 - Info: Use of uninitialized value $profile{""} in substitution (s///) at /usr/sbin/pam-auth-update line 737, <PROFILE> line 1.
09:49:36.804 - Info: Use of uninitialized value $fieldname in hash element at /usr/sbin/pam-auth-update line 733, <PROFILE> line 2.
09:49:36.805 - Info: Use of uninitialized value $fieldname in hash element at /usr/sbin/pam-auth-update line 734, <PROFILE> line 2.
09:49:36.805 - Info: Use of uninitialized value $fieldname in hash element at /usr/sbin/pam-auth-update line 737, <PROFILE> line 2.
09:49:36.805 - Info: Use of uninitialized value $fieldname in hash element at /usr/sbin/pam-auth-update line 733, <PROFILE> line 3.
09:49:36.805 - Info: Use of uninitialized value $fieldname in hash element at /usr/sbin/pam-auth-update line 734, <PROFILE> line 3.
09:49:36.806 - Info: Use of uninitialized value $fieldname in hash element at /usr/sbin/pam-auth-update line 737, <PROFILE> line 3.
09:49:36.807 - Info: Use of uninitialized value $fieldname in hash element at /usr/sbin/pam-auth-update line 733, <PROFILE> line 4.
09:49:36.807 - Info: Use of uninitialized value $fieldname in hash element at /usr/sbin/pam-auth-update line 734, <PROFILE> line 4.
09:49:36.807 - Info: Use of uninitialized value $fieldname in hash element at /usr/sbin/pam-auth-update line 737, <PROFILE> line 4.
09:49:36.807 - Info: Use of uninitialized value $fieldname in hash element at /usr/sbin/pam-auth-update line 733, <PROFILE> line 5.
09:49:36.807 - Info: Use of uninitialized value $fieldname in hash element at /usr/sbin/pam-auth-update line 734, <PROFILE> line 5.
09:49:36.807 - Info: Use of uninitialized value $fieldname in hash element at /usr/sbin/pam-auth-update line 737, <PROFILE> line 5.
09:49:36.807 - Info: Use of uninitialized value $fieldname in hash element at /usr/sbin/pam-auth-update line 733, <PROFILE> line 6.
09:49:36.807 - Info: Use of uninitialized value $fieldname in hash element at /usr/sbin/pam-auth-update line 734, <PROFILE> line 6.
09:49:36.807 - Info: Use of uninitialized value $fieldname in hash element at /usr/sbin/pam-auth-update line 737, <PROFILE> line 6.
09:49:36.807 - Info: Use of uninitialized value $fieldname in hash element at /usr/sbin/pam-auth-update line 733, <PROFILE> line 7.
09:49:36.807 - Info: Use of uninitialized value $fieldname in hash element at /usr/sbin/pam-auth-update line 734, <PROFILE> line 7.
09:49:36.807 - Info: Use of uninitialized value $fieldname in hash element at /usr/sbin/pam-auth-update line 737, <PROFILE> line 7.
09:49:36.808 - Info: Use of uninitialized value $fieldname in hash element at /usr/sbin/pam-auth-update line 733, <PROFILE> line 8.
09:49:36.808 - Info: Use of uninitialized value $fieldname in hash element at /usr/sbin/pam-auth-update line 734, <PROFILE> line 8.
09:49:36.808 - Info: Use of uninitialized value $fieldname in hash element at /usr/sbin/pam-auth-update line 737, <PROFILE> line 8.
09:49:36.808 - Info: Use of uninitialized value $fieldname in hash element at /usr/sbin/pam-auth-update line 733, <PROFILE> line 9.
09:49:36.808 - Info: Use of uninitialized value $fieldname in hash element at /usr/sbin/pam-auth-update line 734, <PROFILE> line 9.
09:49:36.808 - Info: Use of uninitialized value $fieldname in hash element at /usr/sbin/pam-auth-update line 737, <PROFILE> line 9.
09:49:36.809 - Info: Use of uninitialized value $fieldname in hash element at /usr/sbin/pam-auth-update line 733, <PROFILE> line 10.
09:49:36.809 - Info: Use of uninitialized value $fieldname in hash element at /usr/sbin/pam-auth-update line 734, <PROFILE> line 10.
09:49:36.809 - Info: Use of uninitialized value $fieldname in hash element at /usr/sbin/pam-auth-update line 737, <PROFILE> line 10.
09:49:36.811 - Info: Use of uninitialized value $fieldname in hash element at /usr/sbin/pam-auth-update line 734, <PROFILE> line 11.
09:49:36.811 - Info: Use of uninitialized value $fieldname in hash element at /usr/sbin/pam-auth-update line 737, <PROFILE> line 11.
09:49:45.445 - Info: /proc/ is not mounted. This is not a supported mode of operation. Please fix
09:49:45.445 - Info: your invocation environment to mount /proc/ and /sys/ properly. Proceeding anyway.
09:49:45.445 - Info: Your mileage may vary.
09:49:45.446 - Info: Running in chroot, ignoring command 'daemon-reload'
09:49:45.454 - Info: Setting up nvidia-l4t-usb-service (39.2.0-20260601141651) ...
09:49:45.463 - Info: Setting up nvidia-l4t-x11 (39.2.0-20260601141651) ...
09:49:45.473 - Info: Setting up nvidia-l4t-extlinux (39.2.0-20260601141651) ...
09:49:45.481 - Info: Setting up nvidia-l4t-vulkan-sc-sdk (39.2.0-20260601141651) ...
09:49:45.493 - Info: Setting up nvidia-l4t-firmware-nvgpu (39.2.0-20260601141651) ...
09:49:45.498 - Info: Setting up nvidia-l4t-core (39.2.0-20260601141651) ...
09:49:45.507 - Info: Setting up nvidia-l4t-wpasupplicant (39.2.0-20260601141651) ...
09:49:45.515 - Info: Setting up nvidia-l4t-kernel-module-configs (6.8.12-tegra-39.2.0-20260601141651) ...
09:49:45.525 - Info: Setting up nvidia-l4t-firmware (39.2.0-20260601141651) ...
09:49:45.533 - Info: Setting up nvidia-l4t-firstboot (39.2.0-20260601141651) ...
09:49:45.547 - Info: Setting up nvidia-l4t-adaruntime (39.2.0-20260601141651) ...
09:49:45.551 - Info: Setting up nvidia-l4t-cuda-openrm (39.2.0-20260601141651) ...
09:49:45.555 - Info: Setting up nvidia-l4t-vulkan-sc-dev (39.2.0-20260601141651) ...
09:49:45.560 - Info: Setting up nvidia-l4t-configs (39.2.0-20260601141651) ...
09:49:45.609 - Info: Setting up nvidia-l4t-tools (39.2.0-20260601141651) ...
09:49:45.618 - Info: Setting up nvidia-l4t-optee (39.2.0-20260601141651) ...
09:49:45.629 - Info: Setting up jetson-gpio-common (2.1.13-0ubuntu1) ...
09:49:45.634 - Info: Setting up python3-jetson-gpio (2.1.13-0ubuntu1) ...
09:49:45.780 - Info: Setting up nvidia-l4t-kernel (6.8.12-tegra-39.2.0-20260601141651) ...
09:49:49.862 - Info: Setting up nvidia-l4t-display-kernel (6.8.12-tegra-39.2.0-20260601141651) ...
09:49:49.930 - Info: Setting up nvidia-l4t-bootloader-utils (39.2.0-20260601141651) ...
09:49:49.937 - Info: Setting up nvidia-l4t-video-codec-openrm (39.2.0-20260601141651) ...
09:49:49.943 - Info: Setting up nvidia-l4t-nvml (39.2.0-20260601141651) ...
09:49:49.946 - Info: Setting up nvidia-l4t-wayland (39.2.0-20260601141651) ...
09:49:49.950 - Info: Setting up nvidia-l4t-3d-core (39.2.0-20260601141651) ...
09:49:50.157 - Info: Setting up nvidia-l4t-vulkan-sc-openrm (39.2.0-20260601141651) ...
09:49:50.160 - Info: Setting up nvidia-l4t-init-openrm (39.2.0-20260601141651) ...
09:49:50.164 - Info: Setting up nvidia-l4t-cuda-nvgpu (39.2.0-20260601141651) ...
09:49:50.167 - Info: Setting up nvidia-l4t-nvsci (39.2.0-20260601141651) ...
09:49:50.178 - Info: Setting up nvidia-l4t-gbm (39.2.0-20260601141651) ...
09:49:50.181 - Info: Setting up nvidia-l4t-xwayland (39.2.0-20260601141651) ...
09:49:50.184 - Info: Setting up nvidia-l4t-nvpmodel (39.2.0-20260601141651) ...
09:49:50.224 - Info: Setting up nvidia-l4t-oobe (39.2.0-20260601141651) ...
09:49:50.233 - Info: Setting up nvidia-l4t-jetson-io (39.2.0-20260601141651) ...
09:49:50.236 - Info: Setting up nvidia-l4t-weston (39.2.0-20260601141651) ...
09:49:50.421 - Info: Setting up nvidia-l4t-cuda (39.2.0-20260601141651) ...
09:49:50.426 - Info: Setting up nvidia-l4t-cuda-utils (39.2.0-20260601141651) ...
09:49:50.430 - Info: Setting up nvidia-l4t-multimedia-utils (39.2.0-20260601141651) ...
09:49:50.436 - Info: Setting up nvidia-l4t-kernel-oot-modules (6.8.12-tegra-39.2.0-20260601141651) ...
09:49:50.497 - Info: Setting up nvidia-l4t-kernel-oot-headers (6.8.12-tegra-39.2.0-20260601141651) ...
09:49:50.503 - Info: Setting up nvidia-l4t-kernel-openrm (6.8.12-tegra-39.2.0-20260601141651) ...
09:49:50.560 - Info: Setting up nvidia-l4t-kernel-dtbs (6.8.12-tegra-39.2.0-20260601141651) ...
09:49:50.626 - Info: Pre-installing kernel-dtbs package, skip flashing
09:49:50.633 - Info: Setting up nvidia-l4t-kernel-headers (6.8.12-tegra-39.2.0-20260601141651) ...
09:49:50.640 - Info: Setting up nvidia-l4t-kernel-nvgpu (6.8.12-tegra-39.2.0-20260601141651) ...
09:49:54.390 - Info: Setting up nvidia-l4t-kernel-partitions (6.8.12-tegra-39.2.0-20260601141651) ...
09:49:54.397 - Info: Setting up nvidia-l4t-bootloader (39.2.0-20260601141651) ...
09:49:54.447 - Info: Pre-installing bootloader package, skip flashing
09:49:54.452 - Info: Setting up nvidia-l4t-nvfancontrol (39.2.0-20260601141651) ...
09:49:54.919 - Info: Setting up nvidia-l4t-pva (39.2.0-20260601141651) ...
09:49:54.925 - Info: Setting up nvidia-l4t-vulkan-sc-nvgpu (39.2.0-20260601141651) ...
09:49:54.929 - Info: Setting up nvidia-l4t-openwfd (39.2.0-20260601141651) ...
09:49:54.936 - Info: Setting up nvidia-l4t-multimedia (39.2.0-20260601141651) ...
09:49:54.942 - Info: Setting up nvidia-l4t-multimedia-openrm (39.2.0-20260601141651) ...
09:49:54.946 - Info: Setting up nvidia-l4t-graphics-demos (39.2.0-20260601141651) ...
09:49:54.949 - Info: Setting up nvidia-l4t-nvpmodel-gui-tools (39.2.0-20260601141651) ...
09:49:54.957 - Info: Setting up nvidia-l4t-jetsonpower-gui-tools (39.2.0-20260601141651) ...
09:49:54.961 - Info: Setting up nvidia-l4t-camera (39.2.0-20260601141651) ...
09:49:54.969 - Info: Setting up nvidia-l4t-multimedia-nvgpu (39.2.0-20260601141651) ...
09:49:54.973 - Info: Setting up nvidia-l4t-vulkan-sc-samples (39.2.0-20260601141651) ...
09:49:54.981 - Info: Setting up nvidia-l4t-bsp (39.2.0-20260601141651) ...
09:49:54.996 - Info: Processing triggers for nvidia-l4t-initrd (39.2.0-20260601141651) ...
09:49:55.064 - Info: Pre-installing initrd package, skip flashing
09:49:55.077 - Info: Processing triggers for nvidia-l4t-kernel (6.8.12-tegra-39.2.0-20260601141651) ...
09:49:58.198 - Info: /etc/kernel/postinst.d/xx-nvidia-update-extlinux:
09:49:58.198 - Info: Using the existing boot entry 'primary'
09:49:58.763 - Info: /etc/kernel/postinst.d/xx-nvidia-update-kernel-partitions:
09:49:58.763 - Info: Pre-installing kernel package, skip flashing
09:49:59.426 - Info: /home/ckw/nvidia/nvidia_sdk/JetPack_7.2_Linux_JETSON_ORIN_NANO_TARGETS/Linux_for_Tegra
09:49:59.427 - Info: Removing stashed Debian packages from rootfs
09:49:59.441 - Info: L4T BSP package installation completed!
09:49:59.441 - Info: Removing QEMU binary from /home/ckw/nvidia/nvidia_sdk/JetPack_7.2_Linux_JETSON_ORIN_NANO_TARGETS/Linux_for_Tegra/rootfs
09:49:59.447 - Info: Restoring ldconfig trigger in /home/ckw/nvidia/nvidia_sdk/JetPack_7.2_Linux_JETSON_ORIN_NANO_TARGETS/Linux_for_Tegra/rootfs
09:49:59.450 - Info: QEMU cleanup done!
09:49:59.461 - Info: Disabling NetworkManager-wait-online.service
09:49:59.467 - Info: Disable the ondemand service by changing the runlevels to 'K'
09:49:59.511 - Info: Success!
09:49:59.549 - Info: [ Package Install Finished Successfully ]09:49:59.549 - Info: [host] [ 7.69 GB used. Disk Avail on Partition /dev/sda2: 58.67 GB ]09:49:59.549 - Info: [ NV_L4T_FILE_SYSTEM_AND_OS_IMAGE_COMP Install took 5m20s ]