------ 2026-07-27 20:47:18 ------
------ SDK: JetPack_7.2_Linux ------
20:47:18.306 - Info: exec_command: ssh   jetson@192.168.55.1 "df -B1 / | tail -1 | awk '{ printf \$4 }'"20:47:18.697 - Info: NV_L4T_VPI_RUNTIME_SBSA_TARGET_POST_INSTALL_COMP include 2 package20:47:18.697 - Info: [ Package Install Started ]20:47:18.697 - Info: target deb installer start to install20:47:18.699 - Info: exec_command [target]:
**********************
#!/bin/bash
set -e
export LC_ALL=en_US.UTF-8 LANG=en_US.UTF-8 LANGUAGE=en_US.UTF-8
sudo mkdir -p /opt/nvidia/deb_repos
sudo chmod 777 /opt/nvidia/deb_repos
sudo rm -f /opt/nvidia/deb_repos/vpi-lib-4.1.3-aarch64-l4t.deb
**********************20:47:34.737 - Info: exec_command [target]:
**********************
#!/bin/bash
set -e
export LC_ALL=en_US.UTF-8 LANG=en_US.UTF-8 LANGUAGE=en_US.UTF-8

exec 3>&1
exec 1>&2
exec 2>&3
function safe_apt_install {
    export DEBIAN_FRONTEND=noninteractive
    echo "*begin $1, $2"
    tmp_log=/tmp/sdkm_apt_install_log.ckw.txt
    sudo rm -f $tmp_log
    set +e; $1 2>$tmp_log; CMD_STATUS=${PIPESTATUS[0]}; set -e
    MAX_RETRY=3
    TIMES=1
    while [ ${CMD_STATUS} -ne 0 ]; do
        cat $tmp_log > /dev/stderr
        if [ $TIMES -gt $MAX_RETRY ]; then
            echo "Unhandled error when running $1: `tr '\n' '; ' <$tmp_log`" 1>&2; exit 1
        fi
        if grep -q -e "is locked by another process" -e "E: Could not get lock /var/" -e "Could not open lock" $tmp_log; then
            sudo rm -f $tmp_log
            set +e; $1 2>$tmp_log; CMD_STATUS=${PIPESTATUS[0]}; set -e
            echo "Waiting $2 seconds for apt to be available"; sleep ${2}
        elif grep -q -e "apt --fix-broken install" $tmp_log; then
            echo "safe apt install failed, need to run apt --fix-broken install"
            TIMES=$[ $TIMES + 1 ]
            sudo rm -f $tmp_log
            set +e; sudo apt-get -f -y --allow-downgrades install 2>$tmp_log; CMD_STATUS=${PIPESTATUS[0]}; set -e
            echo "Waiting 5 seconds for apt"; sleep 5
        else
            echo "safe apt install failed: $1, exit code: $CMD_STATUS, retry number: $TIMES"
            echo "will sleep $[ $TIMES*10 ] seconds before next attempt"
            sleep $[ $TIMES*10 ]
            TIMES=$[ $TIMES + 1 ]
            sudo rm -f $tmp_log
            set +e; $1 2>$tmp_log; CMD_STATUS=${PIPESTATUS[0]}; set -e
        fi
    done
    if [ $CMD_STATUS -eq 0 ] && [ $TIMES -ne 1 ]; then
        echo "safe apt install succeed. retry number: $TIMES."
    fi
}
safe_apt_install "sudo apt-get -y update" 5
sleep 0.5
safe_apt_install "sudo -E apt-get -y --allow-downgrades  install /opt/nvidia/deb_repos/vpi-lib-4.1.3-aarch64-l4t.deb" 5
sleep 5
sudo rm -f /opt/nvidia/deb_repos/vpi-lib-4.1.3-aarch64-l4t.deb
**********************20:47:35.527 - Info: *begin sudo apt-get -y update, 5
20:47:35.527 - Info: 
20:47:35.790 - Info: 
20:47:35.891 - Info: 0% [Working]
20:47:35.891 - Info:             
20:47:35.891 - Info: Hit:1 https://download.docker.com/linux/ubuntu noble InRelease
20:47:35.891 - Info: 
20:47:35.891 - Info: 
20:47:35.891 - Info: 0% [Waiting for headers] [Connecting to ports.ubuntu.com]
20:47:35.891 - Info:                                                          
20:47:35.891 - Info: Hit:2 https://repo.download.nvidia.com/jetson/common r39.2 InRelease
20:47:35.891 - Info: 
20:47:35.891 - Info: 
20:47:35.965 - Info: 0% [Connected to repo.download.nvidia.com (23.205.151.187)] [Connecting to ports.ubuntu.com]
20:47:35.965 - Info:                                                                                             
20:47:35.965 - Info: Hit:3 https://repo.download.nvidia.com/jetson/som r39.2 InRelease
20:47:35.965 - Info: 
20:47:35.965 - Info: 
20:47:36.021 - Info: 0% [Connecting to repo.download.nvidia.com (23.205.151.187)] [Connecting to ports.ubuntu.com]
20:47:36.021 - Info:                                                                                              
20:47:36.024 - Info: 0% [Waiting for headers] [Connecting to ports.ubuntu.com]
20:47:36.024 - Info:                                                          
20:47:36.024 - Info: Hit:4 https://repo.download.nvidia.com/jetson/ffmpeg r39.2 InRelease
20:47:36.024 - Info: 
20:47:36.024 - Info: 
20:47:36.024 - Info:                                                          
20:47:36.208 - Info: 0% [Connecting to ports.ubuntu.com]
20:47:36.374 - Info: 0% [Connecting to ports.ubuntu.com (91.189.91.104)]
20:47:36.374 - Info:                                                    
20:47:36.543 - Info: 0% [Waiting for headers]
20:47:36.545 - Info:                         
20:47:36.545 - Info: Hit:5 http://ports.ubuntu.com/ubuntu-ports noble InRelease
20:47:36.545 - Info: 
20:47:36.545 - Info: 
20:47:36.545 - Info:                         
20:47:36.674 - Info: 0% [Working]
20:47:36.773 - Info: 0% [Waiting for headers]
20:47:36.773 - Info:                         
20:47:36.773 - Info: Hit:6 http://ports.ubuntu.com/ubuntu-ports noble-updates InRelease
20:47:36.773 - Info: 
20:47:36.773 - Info: 
20:47:36.773 - Info:                         
20:47:36.892 - Info: 0% [Working]
20:47:37.001 - Info: 0% [Waiting for headers]
20:47:37.001 - Info:                         
20:47:37.001 - Info: Hit:7 http://ports.ubuntu.com/ubuntu-ports noble-backports InRelease
20:47:37.001 - Info: 
20:47:37.001 - Info: 
20:47:37.001 - Info:                         
20:47:37.120 - Info: 0% [Working]
20:47:37.230 - Info: 0% [Waiting for headers]
20:47:37.230 - Info:                         
20:47:37.230 - Info: Hit:8 http://ports.ubuntu.com/ubuntu-ports noble-security InRelease
20:47:37.230 - Info: 
20:47:37.230 - Info: 
20:47:37.230 - Info:                         
20:47:37.351 - Info: 0% [Working]
20:47:37.351 - Info: 20% [Working]
20:47:37.351 - Info:              
20:47:37.570 - Info: 
20:47:37.570 - Info: Reading package lists... 0%
20:47:37.587 - Info: 
20:47:37.587 - Info: Reading package lists... 0%
20:47:37.590 - Info: 
20:47:37.591 - Info: Reading package lists... 0%
20:47:37.591 - Info: 
20:47:37.591 - Info: Reading package lists... 0%
20:47:37.594 - Info: 
20:47:37.594 - Info: Reading package lists... 0%
20:47:37.594 - Info: 
20:47:37.594 - Info: Reading package lists... 0%
20:47:37.595 - Info: 
20:47:37.595 - Info: Reading package lists... 0%
20:47:37.595 - Info: 
20:47:37.595 - Info: Reading package lists... 0%
20:47:37.597 - Info: 
20:47:37.597 - Info: Reading package lists... 0%
20:47:37.597 - Info: 
20:47:37.597 - Info: Reading package lists... 0%
20:47:37.602 - Info: 
20:47:37.602 - Info: Reading package lists... 0%
20:47:37.672 - Info: 
20:47:37.672 - Info: Reading package lists... 3%
20:47:37.672 - Info: 
20:47:37.672 - Info: Reading package lists... 3%
20:47:37.686 - Info: 
20:47:37.686 - Info: Reading package lists... 5%
20:47:37.686 - Info: 
20:47:37.686 - Info: Reading package lists... 5%
20:47:38.316 - Info: 
20:47:38.316 - Info: Reading package lists... 26%
20:47:38.835 - Info: 
20:47:38.835 - Info: Reading package lists... 41%
20:47:38.835 - Info: 
20:47:38.835 - Info: Reading package lists... 41%
20:47:39.001 - Info: 
20:47:39.001 - Info: Reading package lists... 57%
20:47:39.001 - Info: 
20:47:39.001 - Info: Reading package lists... 57%
20:47:39.007 - Info: 
20:47:39.007 - Info: Reading package lists... 58%
20:47:39.007 - Info: 
20:47:39.007 - Info: Reading package lists... 58%
20:47:39.008 - Info: 
20:47:39.008 - Info: Reading package lists... 58%
20:47:39.008 - Info: 
20:47:39.008 - Info: Reading package lists... 58%
20:47:39.017 - Info: 
20:47:39.017 - Info: Reading package lists... 58%
20:47:39.027 - Info: 
20:47:39.028 - Info: Reading package lists... 58%
20:47:39.028 - Info: 
20:47:39.028 - Info: Reading package lists... 58%
20:47:39.031 - Info: 
20:47:39.031 - Info: Reading package lists... 59%
20:47:39.031 - Info: 
20:47:39.031 - Info: Reading package lists... 59%
20:47:39.126 - Info: 
20:47:39.126 - Info: Reading package lists... 62%
20:47:39.126 - Info: 
20:47:39.126 - Info: Reading package lists... 62%
20:47:39.143 - Info: 
20:47:39.143 - Info: Reading package lists... 64%
20:47:39.143 - Info: 
20:47:39.143 - Info: Reading package lists... 64%
20:47:39.288 - Info: 
20:47:39.288 - Info: Reading package lists... 69%
20:47:39.288 - Info: 
20:47:39.288 - Info: Reading package lists... 69%
20:47:39.312 - Info: 
20:47:39.312 - Info: Reading package lists... 71%
20:47:39.312 - Info: 
20:47:39.312 - Info: Reading package lists... 71%
20:47:39.441 - Info: 
20:47:39.441 - Info: Reading package lists... 77%
20:47:39.441 - Info: 
20:47:39.441 - Info: Reading package lists... 77%
20:47:39.474 - Info: 
20:47:39.474 - Info: Reading package lists... 80%
20:47:39.474 - Info: 
20:47:39.474 - Info: Reading package lists... 80%
20:47:39.480 - Info: 
20:47:39.480 - Info: Reading package lists... 80%
20:47:39.480 - Info: 
20:47:39.480 - Info: Reading package lists... 80%
20:47:39.480 - Info: 
20:47:39.480 - Info: Reading package lists... 80%
20:47:39.480 - Info: 
20:47:39.480 - Info: Reading package lists... 80%
20:47:39.486 - Info: 
20:47:39.486 - Info: Reading package lists... 80%
20:47:39.486 - Info: 
20:47:39.486 - Info: Reading package lists... 80%
20:47:39.486 - Info: 
20:47:39.486 - Info: Reading package lists... 80%
20:47:39.486 - Info: 
20:47:39.486 - Info: Reading package lists... 80%
20:47:39.489 - Info: 
20:47:39.489 - Info: Reading package lists... 80%
20:47:39.489 - Info: 
20:47:39.489 - Info: Reading package lists... 80%
20:47:39.490 - Info: 
20:47:39.490 - Info: Reading package lists... 80%
20:47:39.490 - Info: 
20:47:39.490 - Info: Reading package lists... 80%
20:47:39.490 - Info: 
20:47:39.490 - Info: Reading package lists... 80%
20:47:39.490 - Info: 
20:47:39.490 - Info: Reading package lists... 80%
20:47:39.491 - Info: 
20:47:39.491 - Info: Reading package lists... 80%
20:47:39.491 - Info: 
20:47:39.491 - Info: Reading package lists... 80%
20:47:39.521 - Info: 
20:47:39.521 - Info: Reading package lists... 83%
20:47:39.521 - Info: 
20:47:39.521 - Info: Reading package lists... 83%
20:47:39.536 - Info: 
20:47:39.536 - Info: Reading package lists... 84%
20:47:39.536 - Info: 
20:47:39.536 - Info: Reading package lists... 84%
20:47:39.579 - Info: 
20:47:39.579 - Info: Reading package lists... 88%
20:47:39.579 - Info: 
20:47:39.579 - Info: Reading package lists... 88%
20:47:39.596 - Info: 
20:47:39.596 - Info: Reading package lists... 90%
20:47:39.596 - Info: 
20:47:39.596 - Info: Reading package lists... 90%
20:47:39.656 - Info: 
20:47:39.656 - Info: Reading package lists... 95%
20:47:39.656 - Info: 
20:47:39.656 - Info: Reading package lists... 95%
20:47:39.687 - Info: 
20:47:39.687 - Info: Reading package lists... 98%
20:47:39.687 - Info: 
20:47:39.687 - Info: Reading package lists... 98%
20:47:39.690 - Info: 
20:47:39.690 - Info: Reading package lists... 98%
20:47:39.690 - Info: 
20:47:39.690 - Info: Reading package lists... 98%
20:47:39.772 - Info: 
20:47:39.772 - Info: Reading package lists... 98%
20:47:39.772 - Info: 
20:47:39.772 - Info: Reading package lists... 98%
20:47:39.782 - Info: 
20:47:39.782 - Info: Reading package lists... 99%
20:47:39.894 - Info: 
20:47:39.894 - Info: Reading package lists... Done
20:47:39.894 - Info: 
20:47:39.894 - Info: 
20:47:40.463 - Info: *begin sudo -E apt-get -y --allow-downgrades  install /opt/nvidia/deb_repos/vpi-lib-4.1.3-aarch64-l4t.deb, 5
20:47:40.463 - Info: 
20:47:40.628 - Info: 
20:47:40.628 - Info: Reading package lists... 0%
20:47:40.742 - Info: 
20:47:40.742 - Info: Reading package lists... 0%
20:47:40.754 - Info: 
20:47:40.754 - Info: Reading package lists... Done
20:47:40.754 - Info: 
20:47:40.754 - Info: 
20:47:40.776 - Info: 
20:47:40.776 - Info: Building dependency tree... 0%
20:47:40.776 - Info: 
20:47:40.776 - Info: Building dependency tree... 0%
20:47:40.778 - Info: 
20:47:40.778 - Info: Building dependency tree... 0%
20:47:40.997 - Info: 
20:47:40.997 - Info: Building dependency tree... 50%
20:47:40.997 - Info: 
20:47:40.997 - Info: Building dependency tree... 50%
20:47:41.481 - Info: 
20:47:41.481 - Info: Building dependency tree... 86%
20:47:41.655 - Info: 
20:47:41.655 - Info: Building dependency tree... Done
20:47:41.655 - Info: 
20:47:41.655 - Info: 
20:47:41.655 - Info: 
20:47:41.655 - Info: Reading state information... 0% 
20:47:41.655 - Info: 
20:47:41.655 - Info: Reading state information... 0%
20:47:41.659 - Info: 
20:47:41.659 - Info: Reading state information... Done
20:47:41.659 - Info: 
20:47:41.659 - Info: 
20:47:41.794 - Info: Note, selecting 'libnvvpi4' instead of '/opt/nvidia/deb_repos/vpi-lib-4.1.3-aarch64-l4t.deb'
20:47:41.794 - Info: 
20:47:43.361 - Info: The following NEW packages will be installed:
20:47:43.361 - Info: 
20:47:43.366 - Info:   libnvvpi4
20:47:43.366 - Info: 
20:47:43.436 - Info: 0 upgraded, 1 newly installed, 0 to remove and 285 not upgraded.
20:47:43.436 - Info: 
20:47:43.441 - Info: Need to get 240 MB of archives.
20:47:43.441 - Info: 
20:47:43.441 - Info: After this operation, 621 MB of additional disk space will be used.
20:47:43.441 - Info: 
20:47:43.453 - Info: 
20:47:43.524 - Info: 0% [Working]
20:47:43.524 - Info:             
20:47:43.524 - Info: Get:1 https://repo.download.nvidia.com/jetson/common r39.2/main arm64 libnvvpi4 arm64 4.1.3 [240 MB]
20:47:43.524 - Info: 
20:47:43.524 - Info: 
20:47:44.025 - Info: 0% [1 libnvvpi4 15.6 kB/240 MB 0%]
20:47:44.525 - Info: 12% [1 libnvvpi4 35.1 MB/240 MB 15%]
20:47:45.026 - Info: 25% [1 libnvvpi4 76.0 MB/240 MB 32%]
20:47:45.026 - Info:                                     
20:47:45.528 - Info: 39% [1 libnvvpi4 117 MB/240 MB 49%]
20:47:46.028 - Info: 53% [1 libnvvpi4 158 MB/240 MB 66%]
20:47:46.529 - Info: 66% [1 libnvvpi4 199 MB/240 MB 83%]
20:47:47.031 - Info: 80% [1 libnvvpi4 240 MB/240 MB 100%]
20:47:49.863 - Info: 80% [1 libnvvpi4 240 MB/240 MB 100%]                                                                                                                                                                                                                                                                                                                                                                                                                                                                                                                                                                                                                                                                                                                                                                                                                                                                                                                                                                                                                                                                                                                                                                                                                                                                                                                                                                                                                                                                                                                                                                                                                                                                                                                                                                                                                                                                                                                                                                                                                               39.4 MB/s 0s
20:47:49.863 - Info: 100% [Working]                                                                                                                                                                                                                                                                                                                                                                                                                                                                                                                                                                                                                                                                                                                                                                                                                                                                                                                                                                                                                                                                                                                                                                                                                                                                                                                                                                                                                                                                                                                                                                                                                                                                                                                                                                                                                                                                                                                                                                                                                                                     39.4 MB/s 0s
20:47:49.863 - Info:                                                                                                                                                                                                                                                                                                                                                                                                                                                                                                                                                                                                                                                                                                                                                                                                                                                                                                                                                                                                                                                                                                                                                                                                                                                                                                                                                                                                                                                                                                                                                                                                                                                                                                                                                                                                                                                                                                                                                                                                                                                                                
20:47:49.863 - Info: Fetched 240 MB in 6s (37.4 MB/s)
20:47:49.863 - Info: 
20:47:51.356 - Info: Selecting previously unselected package libnvvpi4.
20:47:51.357 - Info: 
20:47:51.357 - Info: (Reading database ... 
20:47:51.379 - Info: (Reading database ... 5%
20:47:51.379 - Info: (Reading database ... 10%
20:47:51.379 - Info: (Reading database ... 15%
20:47:51.379 - Info: (Reading database ... 20%
20:47:51.379 - Info: (Reading database ... 25%
20:47:51.379 - Info: (Reading database ... 30%
20:47:51.379 - Info: (Reading database ... 35%
20:47:51.379 - Info: (Reading database ... 40%
20:47:51.379 - Info: (Reading database ... 45%
20:47:51.379 - Info: (Reading database ... 50%
20:47:51.387 - Info: (Reading database ... 55%
20:47:51.399 - Info: (Reading database ... 60%
20:47:51.410 - Info: (Reading database ... 65%
20:47:51.428 - Info: (Reading database ... 70%
20:47:51.467 - Info: (Reading database ... 75%
20:47:51.481 - Info: (Reading database ... 80%
20:47:51.498 - Info: (Reading database ... 85%
20:47:51.515 - Info: (Reading database ... 90%
20:47:51.526 - Info: (Reading database ... 95%
20:47:51.577 - Info: (Reading database ... 100%
20:47:51.577 - Info: (Reading database ... 190430 files and directories currently installed.)
20:47:51.577 - Info: 
20:47:51.595 - Info: Preparing to unpack .../libnvvpi4_4.1.3_arm64.deb ...
20:47:51.595 - Info: 
20:47:51.614 - Info: Unpacking libnvvpi4 (4.1.3) ...
20:47:51.614 - Info: 
20:48:08.536 - Info: Setting up libnvvpi4 (4.1.3) ...
20:48:08.536 - Info: 
20:48:08.676 - Info: Operation completed successfully
20:48:08.676 - Info: 
20:48:08.730 - Info: Processing triggers for libc-bin (2.39-0ubuntu8.7) ...
20:48:08.730 - Info: 
20:48:19.746 - Info: change working directory to /tmp20:48:19.746 - Info: exec_command: ssh jetson@192.168.55.1 "dpkg-query -W -f='\${db:Status-abbrev} \${Version}' libnvvpi4"20:48:20.184 - Info: [ Package Install Finished Successfully ]20:48:20.184 - Info: [ Package Install Started ]20:48:20.184 - Info: target deb installer start to install20:48:20.186 - Info: exec_command [target]:
**********************
#!/bin/bash
set -e
export LC_ALL=en_US.UTF-8 LANG=en_US.UTF-8 LANGUAGE=en_US.UTF-8
sudo mkdir -p /opt/nvidia/deb_repos
sudo chmod 777 /opt/nvidia/deb_repos
sudo rm -f /opt/nvidia/deb_repos/vpi-python3.12-4.1.3-aarch64-l4t.deb
**********************20:48:21.718 - Info: exec_command [target]:
**********************
#!/bin/bash
set -e
export LC_ALL=en_US.UTF-8 LANG=en_US.UTF-8 LANGUAGE=en_US.UTF-8

exec 3>&1
exec 1>&2
exec 2>&3
function safe_apt_install {
    export DEBIAN_FRONTEND=noninteractive
    echo "*begin $1, $2"
    tmp_log=/tmp/sdkm_apt_install_log.ckw.txt
    sudo rm -f $tmp_log
    set +e; $1 2>$tmp_log; CMD_STATUS=${PIPESTATUS[0]}; set -e
    MAX_RETRY=3
    TIMES=1
    while [ ${CMD_STATUS} -ne 0 ]; do
        cat $tmp_log > /dev/stderr
        if [ $TIMES -gt $MAX_RETRY ]; then
            echo "Unhandled error when running $1: `tr '\n' '; ' <$tmp_log`" 1>&2; exit 1
        fi
        if grep -q -e "is locked by another process" -e "E: Could not get lock /var/" -e "Could not open lock" $tmp_log; then
            sudo rm -f $tmp_log
            set +e; $1 2>$tmp_log; CMD_STATUS=${PIPESTATUS[0]}; set -e
            echo "Waiting $2 seconds for apt to be available"; sleep ${2}
        elif grep -q -e "apt --fix-broken install" $tmp_log; then
            echo "safe apt install failed, need to run apt --fix-broken install"
            TIMES=$[ $TIMES + 1 ]
            sudo rm -f $tmp_log
            set +e; sudo apt-get -f -y --allow-downgrades install 2>$tmp_log; CMD_STATUS=${PIPESTATUS[0]}; set -e
            echo "Waiting 5 seconds for apt"; sleep 5
        else
            echo "safe apt install failed: $1, exit code: $CMD_STATUS, retry number: $TIMES"
            echo "will sleep $[ $TIMES*10 ] seconds before next attempt"
            sleep $[ $TIMES*10 ]
            TIMES=$[ $TIMES + 1 ]
            sudo rm -f $tmp_log
            set +e; $1 2>$tmp_log; CMD_STATUS=${PIPESTATUS[0]}; set -e
        fi
    done
    if [ $CMD_STATUS -eq 0 ] && [ $TIMES -ne 1 ]; then
        echo "safe apt install succeed. retry number: $TIMES."
    fi
}
safe_apt_install "sudo apt-get -y update" 5
sleep 0.5
safe_apt_install "sudo -E apt-get -y --allow-downgrades  install /opt/nvidia/deb_repos/vpi-python3.12-4.1.3-aarch64-l4t.deb" 5
sleep 5
sudo rm -f /opt/nvidia/deb_repos/vpi-python3.12-4.1.3-aarch64-l4t.deb
**********************20:48:22.510 - Info: *begin sudo apt-get -y update, 5
20:48:22.510 - Info: 
20:48:22.791 - Info: 
20:48:22.855 - Info: 0% [Working]
20:48:22.856 - Info:             
20:48:22.856 - Info: Hit:1 https://download.docker.com/linux/ubuntu noble InRelease
20:48:22.856 - Info: 
20:48:22.856 - Info: 
20:48:22.864 - Info: 0% [Connected to repo.download.nvidia.com (23.205.151.162)] [Connecting to ports.ubuntu.com (91.189.91.102)]
20:48:22.864 - Info:                                                                                                             
20:48:22.864 - Info: Hit:2 https://repo.download.nvidia.com/jetson/common r39.2 InRelease
20:48:22.864 - Info: 
20:48:22.864 - Info: 
20:48:22.864 - Info:                                                                                                             
20:48:22.956 - Info: 0% [Connecting to ports.ubuntu.com (91.189.91.102)]
20:48:22.956 - Info:                                                    
20:48:22.956 - Info: Hit:3 https://repo.download.nvidia.com/jetson/som r39.2 InRelease
20:48:22.956 - Info: 
20:48:22.956 - Info: 
20:48:22.984 - Info: 0% [Connecting to ports.ubuntu.com (91.189.91.102)]
20:48:23.048 - Info: 0% [Connected to repo.download.nvidia.com (23.205.151.162)] [Connecting to ports.ubuntu.com (91.189.91.102)]
20:48:23.048 - Info:                                                                                                             
20:48:23.048 - Info: Hit:4 https://repo.download.nvidia.com/jetson/ffmpeg r39.2 InRelease
20:48:23.048 - Info: 
20:48:23.048 - Info: 
20:48:23.048 - Info:                                                                                                             
20:48:23.173 - Info: 0% [Waiting for headers]
20:48:23.272 - Info:                         
20:48:23.273 - Info: Hit:5 http://ports.ubuntu.com/ubuntu-ports noble InRelease
20:48:23.273 - Info: 
20:48:23.273 - Info: 
20:48:23.273 - Info:                         
20:48:23.331 - Info: 0% [Working]
20:48:23.510 - Info: 0% [Waiting for headers]
20:48:23.510 - Info:                         
20:48:23.510 - Info: Hit:6 http://ports.ubuntu.com/ubuntu-ports noble-updates InRelease
20:48:23.510 - Info: 
20:48:23.510 - Info: 
20:48:23.649 - Info: 0% [Waiting for headers]
20:48:23.748 - Info:                         
20:48:23.748 - Info: Hit:7 http://ports.ubuntu.com/ubuntu-ports noble-backports InRelease
20:48:23.748 - Info: 
20:48:23.748 - Info: 
20:48:23.748 - Info:                         
20:48:23.770 - Info: 0% [Working]
20:48:23.886 - Info: 0% [Waiting for headers]
20:48:23.985 - Info:                         
20:48:23.985 - Info: Hit:8 http://ports.ubuntu.com/ubuntu-ports noble-security InRelease
20:48:23.985 - Info: 
20:48:23.985 - Info: 
20:48:23.985 - Info:                         
20:48:24.106 - Info: 0% [Working]
20:48:24.106 - Info: 20% [Working]
20:48:24.106 - Info:              
20:48:24.364 - Info: 
20:48:24.364 - Info: Reading package lists... 0%
20:48:24.381 - Info: 
20:48:24.381 - Info: Reading package lists... 0%
20:48:24.387 - Info: 
20:48:24.387 - Info: Reading package lists... 0%
20:48:24.387 - Info: 
20:48:24.387 - Info: Reading package lists... 0%
20:48:24.391 - Info: 
20:48:24.391 - Info: Reading package lists... 0%
20:48:24.391 - Info: 
20:48:24.391 - Info: Reading package lists... 0%
20:48:24.392 - Info: 
20:48:24.392 - Info: Reading package lists... 0%
20:48:24.392 - Info: 
20:48:24.392 - Info: Reading package lists... 0%
20:48:24.394 - Info: 
20:48:24.394 - Info: Reading package lists... 0%
20:48:24.394 - Info: 
20:48:24.394 - Info: Reading package lists... 0%
20:48:24.400 - Info: 
20:48:24.400 - Info: Reading package lists... 0%
20:48:24.475 - Info: 
20:48:24.475 - Info: Reading package lists... 3%
20:48:24.475 - Info: 
20:48:24.475 - Info: Reading package lists... 3%
20:48:24.488 - Info: 
20:48:24.488 - Info: Reading package lists... 5%
20:48:24.488 - Info: 
20:48:24.488 - Info: Reading package lists... 5%
20:48:25.146 - Info: 
20:48:25.147 - Info: Reading package lists... 27%
20:48:25.615 - Info: 
20:48:25.615 - Info: Reading package lists... 41%
20:48:25.615 - Info: 
20:48:25.615 - Info: Reading package lists... 41%
20:48:25.782 - Info: 
20:48:25.782 - Info: Reading package lists... 57%
20:48:25.782 - Info: 
20:48:25.782 - Info: Reading package lists... 57%
20:48:25.789 - Info: 
20:48:25.789 - Info: Reading package lists... 58%
20:48:25.789 - Info: 
20:48:25.789 - Info: Reading package lists... 58%
20:48:25.789 - Info: 
20:48:25.789 - Info: Reading package lists... 58%
20:48:25.789 - Info: 
20:48:25.789 - Info: Reading package lists... 58%
20:48:25.810 - Info: 
20:48:25.810 - Info: Reading package lists... 58%
20:48:25.810 - Info: 
20:48:25.810 - Info: Reading package lists... 58%
20:48:25.813 - Info: 
20:48:25.813 - Info: Reading package lists... 59%
20:48:25.813 - Info: 
20:48:25.813 - Info: Reading package lists... 59%
20:48:25.853 - Info: 
20:48:25.853 - Info: Reading package lists... 60%
20:48:25.910 - Info: 
20:48:25.910 - Info: Reading package lists... 62%
20:48:25.910 - Info: 
20:48:25.910 - Info: Reading package lists... 62%
20:48:25.929 - Info: 
20:48:25.929 - Info: Reading package lists... 64%
20:48:25.929 - Info: 
20:48:25.929 - Info: Reading package lists... 64%
20:48:26.076 - Info: 
20:48:26.076 - Info: Reading package lists... 69%
20:48:26.076 - Info: 
20:48:26.076 - Info: Reading package lists... 69%
20:48:26.100 - Info: 
20:48:26.100 - Info: Reading package lists... 71%
20:48:26.100 - Info: 
20:48:26.100 - Info: Reading package lists... 71%
20:48:26.230 - Info: 
20:48:26.230 - Info: Reading package lists... 77%
20:48:26.230 - Info: 
20:48:26.230 - Info: Reading package lists... 77%
20:48:26.264 - Info: 
20:48:26.264 - Info: Reading package lists... 80%
20:48:26.264 - Info: 
20:48:26.264 - Info: Reading package lists... 80%
20:48:26.269 - Info: 
20:48:26.269 - Info: Reading package lists... 80%
20:48:26.269 - Info: 
20:48:26.269 - Info: Reading package lists... 80%
20:48:26.271 - Info: 
20:48:26.271 - Info: Reading package lists... 80%
20:48:26.271 - Info: 
20:48:26.271 - Info: Reading package lists... 80%
20:48:26.276 - Info: 
20:48:26.276 - Info: Reading package lists... 80%
20:48:26.276 - Info: 
20:48:26.276 - Info: Reading package lists... 80%
20:48:26.277 - Info: 
20:48:26.277 - Info: Reading package lists... 80%
20:48:26.277 - Info: 
20:48:26.277 - Info: Reading package lists... 80%
20:48:26.282 - Info: 
20:48:26.282 - Info: Reading package lists... 80%
20:48:26.282 - Info: 
20:48:26.282 - Info: Reading package lists... 80%
20:48:26.282 - Info: 
20:48:26.282 - Info: Reading package lists... 80%
20:48:26.282 - Info: 
20:48:26.282 - Info: Reading package lists... 80%
20:48:26.282 - Info: 
20:48:26.282 - Info: Reading package lists... 80%
20:48:26.282 - Info: 
20:48:26.282 - Info: Reading package lists... 80%
20:48:26.284 - Info: 
20:48:26.284 - Info: Reading package lists... 80%
20:48:26.284 - Info: 
20:48:26.284 - Info: Reading package lists... 80%
20:48:26.314 - Info: 
20:48:26.314 - Info: Reading package lists... 83%
20:48:26.314 - Info: 
20:48:26.314 - Info: Reading package lists... 83%
20:48:26.330 - Info: 
20:48:26.330 - Info: Reading package lists... 84%
20:48:26.330 - Info: 
20:48:26.330 - Info: Reading package lists... 84%
20:48:26.372 - Info: 
20:48:26.372 - Info: Reading package lists... 88%
20:48:26.372 - Info: 
20:48:26.372 - Info: Reading package lists... 88%
20:48:26.388 - Info: 
20:48:26.388 - Info: Reading package lists... 90%
20:48:26.388 - Info: 
20:48:26.388 - Info: Reading package lists... 90%
20:48:26.450 - Info: 
20:48:26.450 - Info: Reading package lists... 95%
20:48:26.450 - Info: 
20:48:26.450 - Info: Reading package lists... 95%
20:48:26.481 - Info: 
20:48:26.481 - Info: Reading package lists... 98%
20:48:26.481 - Info: 
20:48:26.481 - Info: Reading package lists... 98%
20:48:26.485 - Info: 
20:48:26.485 - Info: Reading package lists... 98%
20:48:26.485 - Info: 
20:48:26.485 - Info: Reading package lists... 98%
20:48:26.567 - Info: 
20:48:26.567 - Info: Reading package lists... 98%
20:48:26.567 - Info: 
20:48:26.568 - Info: Reading package lists... 98%
20:48:26.579 - Info: 
20:48:26.579 - Info: Reading package lists... 99%
20:48:26.693 - Info: 
20:48:26.693 - Info: Reading package lists... Done
20:48:26.693 - Info: 
20:48:26.693 - Info: 
20:48:27.262 - Info: *begin sudo -E apt-get -y --allow-downgrades  install /opt/nvidia/deb_repos/vpi-python3.12-4.1.3-aarch64-l4t.deb, 5
20:48:27.262 - Info: 
20:48:27.429 - Info: 
20:48:27.429 - Info: Reading package lists... 0%
20:48:27.537 - Info: 
20:48:27.537 - Info: Reading package lists... 0%
20:48:27.549 - Info: 
20:48:27.549 - Info: Reading package lists... Done
20:48:27.549 - Info: 
20:48:27.549 - Info: 
20:48:27.570 - Info: 
20:48:27.570 - Info: Building dependency tree... 0%
20:48:27.570 - Info: 
20:48:27.570 - Info: Building dependency tree... 0%
20:48:27.573 - Info: 
20:48:27.573 - Info: Building dependency tree... 0%
20:48:27.795 - Info: 
20:48:27.795 - Info: Building dependency tree... 50%
20:48:27.795 - Info: 
20:48:27.795 - Info: Building dependency tree... 50%
20:48:28.286 - Info: 
20:48:28.286 - Info: Building dependency tree... 85%
20:48:28.473 - Info: 
20:48:28.473 - Info: Building dependency tree... Done
20:48:28.473 - Info: 
20:48:28.473 - Info: 
20:48:28.473 - Info: 
20:48:28.473 - Info: Reading state information... 0% 
20:48:28.473 - Info: 
20:48:28.473 - Info: Reading state information... 0%
20:48:28.479 - Info: 
20:48:28.480 - Info: Reading state information... Done
20:48:28.480 - Info: 
20:48:28.480 - Info: 
20:48:28.612 - Info: Note, selecting 'python3.12-vpi4' instead of '/opt/nvidia/deb_repos/vpi-python3.12-4.1.3-aarch64-l4t.deb'
20:48:28.612 - Info: 
20:48:30.203 - Info: The following NEW packages will be installed:
20:48:30.203 - Info: 
20:48:30.203 - Info:   python3.12-vpi4
20:48:30.203 - Info: 
20:48:30.274 - Info: 0 upgraded, 1 newly installed, 0 to remove and 285 not upgraded.
20:48:30.274 - Info: 
20:48:30.280 - Info: Need to get 867 kB of archives.
20:48:30.280 - Info: 
20:48:30.280 - Info: After this operation, 4,124 kB of additional disk space will be used.
20:48:30.280 - Info: 
20:48:30.292 - Info: 
20:48:30.358 - Info: 0% [Working]
20:48:30.358 - Info:             
20:48:30.358 - Info: Get:1 https://repo.download.nvidia.com/jetson/common r39.2/main arm64 python3.12-vpi4 arm64 4.1.3 [867 kB]
20:48:30.358 - Info: 
20:48:30.358 - Info: 
20:48:30.388 - Info: 1% [1 python3.12-vpi4 15.7 kB/867 kB 2%]
20:48:30.388 - Info:                                         
20:48:30.388 - Info: 100% [Working]
20:48:30.388 - Info:               
20:48:30.388 - Info: Fetched 867 kB in 0s (8,068 kB/s)
20:48:30.388 - Info: 
20:48:31.861 - Info: Selecting previously unselected package python3.12-vpi4.
20:48:31.861 - Info: 
20:48:31.861 - Info: (Reading database ... 
20:48:31.884 - Info: (Reading database ... 5%
20:48:31.884 - Info: (Reading database ... 10%
20:48:31.884 - Info: (Reading database ... 15%
20:48:31.884 - Info: (Reading database ... 20%
20:48:31.884 - Info: (Reading database ... 25%
20:48:31.884 - Info: (Reading database ... 30%
20:48:31.884 - Info: (Reading database ... 35%
20:48:31.884 - Info: (Reading database ... 40%
20:48:31.884 - Info: (Reading database ... 45%
20:48:31.884 - Info: (Reading database ... 50%
20:48:31.890 - Info: (Reading database ... 55%
20:48:31.901 - Info: (Reading database ... 60%
20:48:31.912 - Info: (Reading database ... 65%
20:48:31.929 - Info: (Reading database ... 70%
20:48:31.965 - Info: (Reading database ... 75%
20:48:31.977 - Info: (Reading database ... 80%
20:48:31.993 - Info: (Reading database ... 85%
20:48:32.011 - Info: (Reading database ... 90%
20:48:32.021 - Info: (Reading database ... 95%
20:48:32.073 - Info: (Reading database ... 100%
20:48:32.073 - Info: (Reading database ... 190456 files and directories currently installed.)
20:48:32.073 - Info: 
20:48:32.092 - Info: Preparing to unpack .../python3.12-vpi4_4.1.3_arm64.deb ...
20:48:32.092 - Info: 
20:48:32.098 - Info: Unpacking python3.12-vpi4 (4.1.3) ...
20:48:32.098 - Info: 
20:48:32.477 - Info: Setting up python3.12-vpi4 (4.1.3) ...
20:48:32.477 - Info: 
20:48:43.383 - Info: change working directory to /tmp20:48:43.383 - Info: exec_command: ssh jetson@192.168.55.1 "dpkg-query -W -f='\${db:Status-abbrev} \${Version}' python3.12-vpi4"20:48:43.842 - Info: [ Package Install Finished Successfully ]20:48:43.842 - Info: exec_command: ssh   jetson@192.168.55.1 "df -B1 / | tail -1 | awk '{ printf \$4 }'"20:48:44.237 - Info: [target] [ 530.36 MB used. Disk Avail: 204.58 GB ]20:48:44.237 - Info: [ NV_L4T_VPI_RUNTIME_SBSA_TARGET_POST_INSTALL_COMP Install took 1m25s ]